Archive member included to satisfy reference by file (symbol)

c:/program files (x86)/atmel/studio/7.0/toolchain/arm/arm-gnu-toolchain/bin/../lib/gcc/arm-none-eabi/6.3.1/../../../../arm-none-eabi/lib/thumb/v7e-m\libm.a(lib_a-w_pow.o)
                              AK_USART.o (pow)
c:/program files (x86)/atmel/studio/7.0/toolchain/arm/arm-gnu-toolchain/bin/../lib/gcc/arm-none-eabi/6.3.1/../../../../arm-none-eabi/lib/thumb/v7e-m\libm.a(lib_a-e_pow.o)
                              c:/program files (x86)/atmel/studio/7.0/toolchain/arm/arm-gnu-toolchain/bin/../lib/gcc/arm-none-eabi/6.3.1/../../../../arm-none-eabi/lib/thumb/v7e-m\libm.a(lib_a-w_pow.o) (__ieee754_pow)
c:/program files (x86)/atmel/studio/7.0/toolchain/arm/arm-gnu-toolchain/bin/../lib/gcc/arm-none-eabi/6.3.1/../../../../arm-none-eabi/lib/thumb/v7e-m\libm.a(lib_a-e_sqrt.o)
                              c:/program files (x86)/atmel/studio/7.0/toolchain/arm/arm-gnu-toolchain/bin/../lib/gcc/arm-none-eabi/6.3.1/../../../../arm-none-eabi/lib/thumb/v7e-m\libm.a(lib_a-e_pow.o) (__ieee754_sqrt)
c:/program files (x86)/atmel/studio/7.0/toolchain/arm/arm-gnu-toolchain/bin/../lib/gcc/arm-none-eabi/6.3.1/../../../../arm-none-eabi/lib/thumb/v7e-m\libm.a(lib_a-s_fabs.o)
                              c:/program files (x86)/atmel/studio/7.0/toolchain/arm/arm-gnu-toolchain/bin/../lib/gcc/arm-none-eabi/6.3.1/../../../../arm-none-eabi/lib/thumb/v7e-m\libm.a(lib_a-e_pow.o) (fabs)
c:/program files (x86)/atmel/studio/7.0/toolchain/arm/arm-gnu-toolchain/bin/../lib/gcc/arm-none-eabi/6.3.1/../../../../arm-none-eabi/lib/thumb/v7e-m\libm.a(lib_a-s_finite.o)
                              c:/program files (x86)/atmel/studio/7.0/toolchain/arm/arm-gnu-toolchain/bin/../lib/gcc/arm-none-eabi/6.3.1/../../../../arm-none-eabi/lib/thumb/v7e-m\libm.a(lib_a-w_pow.o) (finite)
c:/program files (x86)/atmel/studio/7.0/toolchain/arm/arm-gnu-toolchain/bin/../lib/gcc/arm-none-eabi/6.3.1/../../../../arm-none-eabi/lib/thumb/v7e-m\libm.a(lib_a-s_lib_ver.o)
                              c:/program files (x86)/atmel/studio/7.0/toolchain/arm/arm-gnu-toolchain/bin/../lib/gcc/arm-none-eabi/6.3.1/../../../../arm-none-eabi/lib/thumb/v7e-m\libm.a(lib_a-w_pow.o) (__fdlib_version)
c:/program files (x86)/atmel/studio/7.0/toolchain/arm/arm-gnu-toolchain/bin/../lib/gcc/arm-none-eabi/6.3.1/../../../../arm-none-eabi/lib/thumb/v7e-m\libm.a(lib_a-s_matherr.o)
                              c:/program files (x86)/atmel/studio/7.0/toolchain/arm/arm-gnu-toolchain/bin/../lib/gcc/arm-none-eabi/6.3.1/../../../../arm-none-eabi/lib/thumb/v7e-m\libm.a(lib_a-w_pow.o) (matherr)
c:/program files (x86)/atmel/studio/7.0/toolchain/arm/arm-gnu-toolchain/bin/../lib/gcc/arm-none-eabi/6.3.1/../../../../arm-none-eabi/lib/thumb/v7e-m\libm.a(lib_a-s_nan.o)
                              c:/program files (x86)/atmel/studio/7.0/toolchain/arm/arm-gnu-toolchain/bin/../lib/gcc/arm-none-eabi/6.3.1/../../../../arm-none-eabi/lib/thumb/v7e-m\libm.a(lib_a-e_pow.o) (nan)
c:/program files (x86)/atmel/studio/7.0/toolchain/arm/arm-gnu-toolchain/bin/../lib/gcc/arm-none-eabi/6.3.1/../../../../arm-none-eabi/lib/thumb/v7e-m\libm.a(lib_a-s_rint.o)
                              c:/program files (x86)/atmel/studio/7.0/toolchain/arm/arm-gnu-toolchain/bin/../lib/gcc/arm-none-eabi/6.3.1/../../../../arm-none-eabi/lib/thumb/v7e-m\libm.a(lib_a-w_pow.o) (rint)
c:/program files (x86)/atmel/studio/7.0/toolchain/arm/arm-gnu-toolchain/bin/../lib/gcc/arm-none-eabi/6.3.1/../../../../arm-none-eabi/lib/thumb/v7e-m\libm.a(lib_a-s_scalbn.o)
                              c:/program files (x86)/atmel/studio/7.0/toolchain/arm/arm-gnu-toolchain/bin/../lib/gcc/arm-none-eabi/6.3.1/../../../../arm-none-eabi/lib/thumb/v7e-m\libm.a(lib_a-e_pow.o) (scalbn)
c:/program files (x86)/atmel/studio/7.0/toolchain/arm/arm-gnu-toolchain/bin/../lib/gcc/arm-none-eabi/6.3.1/../../../../arm-none-eabi/lib/thumb/v7e-m\libm.a(lib_a-s_copysign.o)
                              c:/program files (x86)/atmel/studio/7.0/toolchain/arm/arm-gnu-toolchain/bin/../lib/gcc/arm-none-eabi/6.3.1/../../../../arm-none-eabi/lib/thumb/v7e-m\libm.a(lib_a-s_scalbn.o) (copysign)
c:/program files (x86)/atmel/studio/7.0/toolchain/arm/arm-gnu-toolchain/bin/../lib/gcc/arm-none-eabi/6.3.1/thumb/v7e-m\libgcc.a(_arm_addsubdf3.o)
                              SCIF_SAM4L.o (__aeabi_dsub)
c:/program files (x86)/atmel/studio/7.0/toolchain/arm/arm-gnu-toolchain/bin/../lib/gcc/arm-none-eabi/6.3.1/thumb/v7e-m\libgcc.a(_arm_muldivdf3.o)
                              AK_USART.o (__aeabi_dmul)
c:/program files (x86)/atmel/studio/7.0/toolchain/arm/arm-gnu-toolchain/bin/../lib/gcc/arm-none-eabi/6.3.1/thumb/v7e-m\libgcc.a(_arm_cmpdf2.o)
                              c:/program files (x86)/atmel/studio/7.0/toolchain/arm/arm-gnu-toolchain/bin/../lib/gcc/arm-none-eabi/6.3.1/../../../../arm-none-eabi/lib/thumb/v7e-m\libm.a(lib_a-w_pow.o) (__aeabi_dcmpeq)
[...]
Memory Configuration

Name             Origin             Length             Attributes
rom              0x00000000         0x00080000         xr
ram              0x20000000         0x00010000         xrw
hramc1           0x21000000         0x00000800         xrw
*default*        0x00000000         0xffffffff

Linker script and memory map

LOAD c:/program files (x86)/atmel/studio/7.0/toolchain/arm/arm-gnu-toolchain/bin/../lib/gcc/arm-none-eabi/6.3.1/thumb/v7e-m/crti.o
LOAD c:/program files (x86)/atmel/studio/7.0/toolchain/arm/arm-gnu-toolchain/bin/../lib/gcc/arm-none-eabi/6.3.1/thumb/v7e-m/crtbegin.o
LOAD c:/program files (x86)/atmel/studio/7.0/toolchain/arm/arm-gnu-toolchain/bin/../lib/gcc/arm-none-eabi/6.3.1/../../../../arm-none-eabi/lib/thumb/v7e-m/crt0.o
LOAD AK_I2C.o
LOAD AK_SD.o
LOAD AK_USART.o
LOAD AK_utils.o
LOAD AT30TSE758A_Temp.o
LOAD BSCIF_SAM4L.o
LOAD delay_SAM4L.o
LOAD Device_Startup/startup_sam4l.o
LOAD Device_Startup/system_sam4l.o
LOAD fat_access.o
LOAD fat_cache.o
LOAD fat_filelib.o
LOAD fat_format.o
LOAD fat_misc.o
LOAD fat_string.o
LOAD fat_table.o
LOAD fat_write.o
LOAD main.o
LOAD PM_SAM4L.o
LOAD SCIF_SAM4L.o
START GROUP
LOAD c:/program files (x86)/atmel/studio/7.0/toolchain/arm/arm-gnu-toolchain/bin/../lib/gcc/arm-none-eabi/6.3.1/../../../../arm-none-eabi/lib/thumb/v7e-m\libm.a
END GROUP
START GROUP
LOAD c:/program files (x86)/atmel/studio/7.0/toolchain/arm/arm-gnu-toolchain/bin/../lib/gcc/arm-none-eabi/6.3.1/thumb/v7e-m\libgcc.a
LOAD c:/program files (x86)/atmel/studio/7.0/toolchain/arm/arm-gnu-toolchain/bin/../lib/gcc/arm-none-eabi/6.3.1/../../../../arm-none-eabi/lib/thumb/v7e-m\libc.a
END GROUP
LOAD c:/program files (x86)/atmel/studio/7.0/toolchain/arm/arm-gnu-toolchain/bin/../lib/gcc/arm-none-eabi/6.3.1/thumb/v7e-m/crtend.o
LOAD c:/program files (x86)/atmel/studio/7.0/toolchain/arm/arm-gnu-toolchain/bin/../lib/gcc/arm-none-eabi/6.3.1/thumb/v7e-m/crtn.o
                0x00004000                STACK_SIZE = DEFINED (STACK_SIZE)?STACK_SIZE:DEFINED (__stack_size__)?__stack_size__:0x4000

.text           0x00000000     0x4044
                0x00000000                . = ALIGN (0x4)
                0x00000000                _sfixed = .
 *(.vectors .vectors.*)
 .vectors       0x00000000      0x180 Device_Startup/startup_sam4l.o
                0x00000000                exception_table
 *(.text .text.* .gnu.linkonce.t.*)
 .text          0x00000180       0x6c c:/program files (x86)/atmel/studio/7.0/toolchain/arm/arm-gnu-toolchain/bin/../lib/gcc/arm-none-eabi/6.3.1/thumb/v7e-m/crtbegin.o
 .text.I2C_read_bytes
                0x000001ec       0x48 AK_I2C.o
                0x000001ec                I2C_read_bytes
 .text.I2C_write_bytes
                0x00000234       0x50 AK_I2C.o
                0x00000234                I2C_write_bytes
 .text.TWI_init
                0x00000284       0x70 AK_I2C.o
                0x00000284                TWI_init
 .text.SPI_init
                0x000002f4       0xd0 AK_SD.o
                0x000002f4                SPI_init
 *fill*         0x000003c4        0x4 
 .text.SD_send_byte
                0x000003c8       0xa8 AK_SD.o
                0x000003c8                SD_send_byte
 .text.SD_transmit_32
                0x00000470       0x88 AK_SD.o
                0x00000470                SD_transmit_32
 .text.SD_send_command_cmd_0
                0x000004f8       0xc4 AK_SD.o
                0x000004f8                SD_send_command_cmd_0
 *fill*         0x000005bc        0x4 
 .text.SD_send_command_R1
                0x000005c0       0xe4 AK_SD.o
                0x000005c0                SD_send_command_R1
 .text.SD_write_single_block
                0x000006a4       0x64 AK_SD.o
                0x000006a4                SD_write_single_block
 .text.SD_read_single_block
                0x00000708       0x50 AK_SD.o
                0x00000708                SD_read_single_block
 .text.SD_send_command_R3
                0x00000758       0xec AK_SD.o
                0x00000758                SD_send_command_R3
 *fill*         0x00000844        0x4 
 .text.SD_init  0x00000848      0x118 AK_SD.o
                0x00000848                SD_init
 .text.USART_write_char
                0x00000960       0x1c AK_USART.o
                0x00000960                USART_write_char
 .text.USART_print
                0x0000097c       0x20 AK_USART.o
                0x0000097c                USART_print
 .text.USART_newline
                0x0000099c       0x14 AK_USART.o
                0x0000099c                USART_newline
 .text.set_baudrate
                0x000009b0       0x4c AK_USART.o
                0x000009b0                set_baudrate
 .text.USART_init
                0x000009fc       0x68 AK_USART.o
                0x000009fc                USART_init
 .text.USART_printf
                0x00000a64       0xe4 AK_USART.o
                0x00000a64                USART_printf
 .text.throw_error
                0x00000b48       0x38 AK_utils.o
                0x00000b48                throw_error
 .text.clock_speed
                0x00000b80       0x84 AK_utils.o
                0x00000b80                clock_speed
 .text.delay_ms_2
                0x00000c04       0x38 AK_utils.o
                0x00000c04                delay_ms_2
 .text.RCFAST_init
                0x00000c3c       0x34 AK_utils.o
                0x00000c3c                RCFAST_init
 .text.get_temp_12bit
                0x00000c70       0x24 AT30TSE758A_Temp.o
                0x00000c70                get_temp_12bit
 .text.set_config_register
                0x00000c94       0x30 AT30TSE758A_Temp.o
                0x00000c94                set_config_register
 .text.Dummy_Handler
                0x00000cc4        0x2 Device_Startup/startup_sam4l.o
                0x00000cc4                EIC_5_Handler
                0x00000cc4                DACC_Handler
                0x00000cc4                DebugMon_Handler
                0x00000cc4                PEVC_0_Handler
                0x00000cc4                TRNG_Handler
                0x00000cc4                HardFault_Handler
                0x00000cc4                SPI_Handler
                0x00000cc4                EIC_4_Handler
                0x00000cc4                GPIO_5_Handler
                0x00000cc4                SysTick_Handler
                0x00000cc4                PDCA_10_Handler
                0x00000cc4                USART3_Handler
                0x00000cc4                PDCA_5_Handler
                0x00000cc4                PendSV_Handler
                0x00000cc4                NMI_Handler
                0x00000cc4                TC0_1_Handler
                0x00000cc4                GPIO_10_Handler
                0x00000cc4                SCIF_Handler
                0x00000cc4                GPIO_9_Handler
                0x00000cc4                GPIO_2_Handler
                0x00000cc4                PDCA_15_Handler
                0x00000cc4                CRCCU_Handler
                0x00000cc4                USART0_Handler
                0x00000cc4                EIC_3_Handler
                0x00000cc4                AST_0_Handler
                0x00000cc4                GPIO_4_Handler
                0x00000cc4                TWIM3_Handler
                0x00000cc4                AST_1_Handler
                0x00000cc4                UsageFault_Handler
                0x00000cc4                PDCA_0_Handler
                0x00000cc4                PDCA_14_Handler
                0x00000cc4                BPM_Handler
                0x00000cc4                PARC_Handler
                0x00000cc4                WDT_Handler
                0x00000cc4                TWIS0_Handler
                0x00000cc4                PDCA_8_Handler
                0x00000cc4                GPIO_11_Handler
                0x00000cc4                TWIS1_Handler
                0x00000cc4                TWIM2_Handler
                0x00000cc4                AESA_Handler
                0x00000cc4                EIC_0_Handler
                0x00000cc4                PDCA_13_Handler
                0x00000cc4                Dummy_Handler
                0x00000cc4                PDCA_3_Handler
                0x00000cc4                ABDACB_Handler
                0x00000cc4                CATB_Handler
                0x00000cc4                LCDCA_Handler
                0x00000cc4                USART1_Handler
                0x00000cc4                PEVC_1_Handler
                0x00000cc4                PDCA_2_Handler
                0x00000cc4                AST_3_Handler
                0x00000cc4                GPIO_8_Handler
                0x00000cc4                TWIM0_Handler
                0x00000cc4                PM_Handler
                0x00000cc4                GPIO_7_Handler
                0x00000cc4                PDCA_1_Handler
                0x00000cc4                PDCA_11_Handler
                0x00000cc4                ACIFC_Handler
                0x00000cc4                TC1_2_Handler
                0x00000cc4                TC0_0_Handler
                0x00000cc4                AST_4_Handler
                0x00000cc4                PDCA_6_Handler
                0x00000cc4                TC1_1_Handler
                0x00000cc4                MemManage_Handler
                0x00000cc4                SVC_Handler
                0x00000cc4                GPIO_0_Handler
                0x00000cc4                PDCA_12_Handler
                0x00000cc4                AST_2_Handler
                0x00000cc4                PDCA_9_Handler
                0x00000cc4                ADCIFE_Handler
                0x00000cc4                GPIO_6_Handler
                0x00000cc4                EIC_2_Handler
                0x00000cc4                PDCA_7_Handler
                0x00000cc4                USART2_Handler
                0x00000cc4                EIC_6_Handler
                0x00000cc4                TWIM1_Handler
                0x00000cc4                EIC_1_Handler
                0x00000cc4                EIC_7_Handler
                0x00000cc4                HFLASHC_Handler
                0x00000cc4                TC0_2_Handler
                0x00000cc4                BSCIF_Handler
                0x00000cc4                GPIO_1_Handler
                0x00000cc4                USBC_Handler
                0x00000cc4                IISC_Handler
                0x00000cc4                BusFault_Handler
                0x00000cc4                TC1_0_Handler
                0x00000cc4                FREQM_Handler
                0x00000cc4                GPIO_3_Handler
                0x00000cc4                PDCA_4_Handler
 *fill*         0x00000cc6        0x2 
 .text.Reset_Handler
                0x00000cc8       0x84 Device_Startup/startup_sam4l.o
                0x00000cc8                Reset_Handler
 .text.SystemInit
                0x00000d4c       0x10 Device_Startup/system_sam4l.o
                0x00000d4c                SystemInit
 .text.fatfs_init
                0x00000d5c      0x27c fat_access.o
                0x00000d5c                fatfs_init
 .text.fatfs_lba_of_cluster
                0x00000fd8       0x26 fat_access.o
                0x00000fd8                fatfs_lba_of_cluster
 .text.fatfs_sector_read
                0x00000ffe       0x10 fat_access.o
                0x00000ffe                fatfs_sector_read
 .text.fatfs_sector_write
                0x0000100e       0x10 fat_access.o
                0x0000100e                fatfs_sector_write
 *fill*         0x0000101e        0x2 
 .text.fatfs_sector_reader
                0x00001020       0x90 fat_access.o
                0x00001020                fatfs_sector_reader
 .text.fatfs_write_sector
                0x000010b0       0x70 fat_access.o
                0x000010b0                fatfs_write_sector
 .text.fatfs_get_root_cluster
                0x00001120        0x4 fat_access.o
                0x00001120                fatfs_get_root_cluster
 .text.fatfs_get_file_entry
                0x00001124      0x180 fat_access.o
                0x00001124                fatfs_get_file_entry
 .text.fatfs_sfn_exists
                0x000012a4       0x88 fat_access.o
                0x000012a4                fatfs_sfn_exists
 .text.fatfs_update_file_length
                0x0000132c       0xac fat_access.o
                0x0000132c                fatfs_update_file_length
 .text.fatfs_cache_init
                0x000013d8        0x4 fat_cache.o
                0x000013d8                fatfs_cache_init
 .text.fatfs_cache_get_next_cluster
                0x000013dc        0x4 fat_cache.o
                0x000013dc                fatfs_cache_get_next_cluster
 .text.fatfs_cache_set_next_cluster
                0x000013e0        0x4 fat_cache.o
                0x000013e0                fatfs_cache_set_next_cluster
 .text.fat_list_insert_last
                0x000013e4       0x3a fat_filelib.o
 *fill*         0x0000141e        0x2 
 .text._allocate_file
                0x00001420       0x48 fat_filelib.o
 .text._check_file_open
                0x00001468       0x58 fat_filelib.o
 .text._open_directory
                0x000014c0       0x94 fat_filelib.o
 .text._write_sectors
                0x00001554      0x10c fat_filelib.o
 .text._read_sectors
                0x00001660       0xdc fat_filelib.o
 .text._free_file
                0x0000173c       0x44 fat_filelib.o
 .text._open_file
                0x00001780      0x138 fat_filelib.o
 .text.fl_init  0x000018b8       0x30 fat_filelib.o
                0x000018b8                fl_init
 .text.fl_attach_media
                0x000018e8       0x3c fat_filelib.o
                0x000018e8                fl_attach_media
 .text.fl_fopen
                0x00001924      0x444 fat_filelib.o
                0x00001924                fl_fopen
 .text.fl_fflush
                0x00001d68       0x58 fat_filelib.o
                0x00001d68                fl_fflush
 .text.fl_fclose
                0x00001dc0       0x80 fat_filelib.o
                0x00001dc0                fl_fclose
 .text.fl_fwrite
                0x00001e40      0x1ac fat_filelib.o
                0x00001e40                fl_fwrite
 .text.fatfs_lfn_cache_init
                0x00001fec       0x20 fat_misc.o
                0x00001fec                fatfs_lfn_cache_init
 .text.fatfs_lfn_cache_entry
                0x0000200c       0x72 fat_misc.o
                0x0000200c                fatfs_lfn_cache_entry
 .text.fatfs_lfn_cache_get
                0x0000207e       0x26 fat_misc.o
                0x0000207e                fatfs_lfn_cache_get
 .text.fatfs_entry_lfn_text
                0x000020a4       0x10 fat_misc.o
                0x000020a4                fatfs_entry_lfn_text
 .text.fatfs_entry_lfn_invalid
                0x000020b4       0x26 fat_misc.o
                0x000020b4                fatfs_entry_lfn_invalid
 .text.fatfs_entry_lfn_exists
                0x000020da       0x38 fat_misc.o
                0x000020da                fatfs_entry_lfn_exists
 .text.fatfs_entry_sfn_only
                0x00002112       0x2e fat_misc.o
                0x00002112                fatfs_entry_sfn_only
 .text.fatfs_entry_is_dir
                0x00002140        0x8 fat_misc.o
                0x00002140                fatfs_entry_is_dir
 .text.fatfs_entry_is_file
                0x00002148        0x8 fat_misc.o
                0x00002148                fatfs_entry_is_file
 .text.fatfs_lfn_entries_required
                0x00002150       0x24 fat_misc.o
                0x00002150                fatfs_lfn_entries_required
 .text.fatfs_filename_to_lfn
                0x00002174       0xb4 fat_misc.o
                0x00002174                fatfs_filename_to_lfn
 .text.fatfs_sfn_create_entry
                0x00002228       0x4a fat_misc.o
                0x00002228                fatfs_sfn_create_entry
 *fill*         0x00002272        0x2 
 .text.fatfs_lfn_create_sfn
                0x00002274       0xd4 fat_misc.o
                0x00002274                fatfs_lfn_create_sfn
 .text.fatfs_lfn_generate_tail
                0x00002348       0xc4 fat_misc.o
                0x00002348                fatfs_lfn_generate_tail
 .text.FileString_StrCmpNoCase
                0x0000240c       0x48 fat_string.o
 .text.FileString_GetExtension
                0x00002454       0x22 fat_string.o
 .text.fatfs_total_path_levels
                0x00002476       0x56 fat_string.o
                0x00002476                fatfs_total_path_levels
 .text.fatfs_get_substring
                0x000024cc       0x9c fat_string.o
                0x000024cc                fatfs_get_substring
 .text.fatfs_split_path
                0x00002568       0x78 fat_string.o
                0x00002568                fatfs_split_path
 .text.fatfs_compare_names
                0x000025e0      0x100 fat_string.o
                0x000025e0                fatfs_compare_names
 .text.fatfs_fat_writeback
                0x000026e0       0x42 fat_table.o
 *fill*         0x00002722        0x2 
 .text.fatfs_fat_read_sector
                0x00002724       0x98 fat_table.o
 .text.fatfs_fat_init
                0x000027bc       0x34 fat_table.o
                0x000027bc                fatfs_fat_init
 .text.fatfs_fat_purge
                0x000027f0       0x38 fat_table.o
                0x000027f0                fatfs_fat_purge
 .text.fatfs_find_next_cluster
                0x00002828       0x90 fat_table.o
                0x00002828                fatfs_find_next_cluster
 .text.fatfs_set_fs_info_next_free_cluster
                0x000028b8       0x6c fat_table.o
                0x000028b8                fatfs_set_fs_info_next_free_cluster
 .text.fatfs_find_blank_cluster
                0x00002924       0x8c fat_table.o
                0x00002924                fatfs_find_blank_cluster
 .text.fatfs_fat_set_cluster
                0x000029b0       0x88 fat_table.o
                0x000029b0                fatfs_fat_set_cluster
 .text.fatfs_free_cluster_chain
                0x00002a38       0x40 fat_table.o
                0x00002a38                fatfs_free_cluster_chain
 .text.fatfs_fat_add_cluster_to_chain
                0x00002a78       0x4c fat_table.o
                0x00002a78                fatfs_fat_add_cluster_to_chain
 .text.fatfs_add_free_space
                0x00002ac4       0x74 fat_write.o
                0x00002ac4                fatfs_add_free_space
 .text.fatfs_allocate_free_space
                0x00002b38       0x94 fat_write.o
                0x00002b38                fatfs_allocate_free_space
 .text.fatfs_add_file_entry
                0x00002bcc      0x264 fat_write.o
                0x00002bcc                fatfs_add_file_entry
 .text.media_read
                0x00002e30       0x2c main.o
                0x00002e30                media_read
 .text.media_write
                0x00002e5c       0x2c main.o
                0x00002e5c                media_write
 .text.main     0x00002e88      0x1e8 main.o
                0x00002e88                main
 .text.PM_init  0x00003070       0x30 PM_SAM4L.o
                0x00003070                PM_init
 .text          0x000030a0      0x21c c:/program files (x86)/atmel/studio/7.0/toolchain/arm/arm-gnu-toolchain/bin/../lib/gcc/arm-none-eabi/6.3.1/thumb/v7e-m\libgcc.a(_arm_addsubsf3.o)
                0x000030a0                __aeabi_frsub
                0x000030a8                __subsf3
                0x000030a8                __aeabi_fsub
                0x000030ac                __aeabi_fadd
                0x000030ac                __addsf3
                0x0000320c                __aeabi_ui2f
                0x0000320c                __floatunsisf
                0x00003214                __aeabi_i2f
                0x00003214                __floatsisf
                0x00003230                __aeabi_ul2f
                0x00003230                __floatundisf
                0x00003240                __aeabi_l2f
                0x00003240                __floatdisf
 .text          0x000032bc      0x2a0 c:/program files (x86)/atmel/studio/7.0/toolchain/arm/arm-gnu-toolchain/bin/../lib/gcc/arm-none-eabi/6.3.1/thumb/v7e-m\libgcc.a(_arm_muldivsf3.o)
                0x000032bc                __mulsf3
                0x000032bc                __aeabi_fmul
                0x00003424                __aeabi_fdiv
                0x00003424                __divsf3
 .text          0x0000355c       0x4c c:/program files (x86)/atmel/studio/7.0/toolchain/arm/arm-gnu-toolchain/bin/../lib/gcc/arm-none-eabi/6.3.1/thumb/v7e-m\libgcc.a(_arm_fixsfsi.o)
                0x0000355c                __aeabi_f2iz
                0x0000355c                __fixsfsi
 .text          0x000035a8       0x30 c:/program files (x86)/atmel/studio/7.0/toolchain/arm/arm-gnu-toolchain/bin/../lib/gcc/arm-none-eabi/6.3.1/thumb/v7e-m\libgcc.a(_aeabi_uldivmod.o)
                0x000035a8                __aeabi_uldivmod
 .text          0x000035d8      0x2dc c:/program files (x86)/atmel/studio/7.0/toolchain/arm/arm-gnu-toolchain/bin/../lib/gcc/arm-none-eabi/6.3.1/thumb/v7e-m\libgcc.a(_udivmoddi4.o)
                0x000035d8                __udivmoddi4
 .text          0x000038b4        0x4 c:/program files (x86)/atmel/studio/7.0/toolchain/arm/arm-gnu-toolchain/bin/../lib/gcc/arm-none-eabi/6.3.1/thumb/v7e-m\libgcc.a(_dvmd_tls.o)
                0x000038b4                __aeabi_idiv0
                0x000038b4                __aeabi_ldiv0
 .text.__libc_init_array
                0x000038b8       0x50 c:/program files (x86)/atmel/studio/7.0/toolchain/arm/arm-gnu-toolchain/bin/../lib/gcc/arm-none-eabi/6.3.1/../../../../arm-none-eabi/lib/thumb/v7e-m\libc.a(lib_a-init.o)
                0x000038b8                __libc_init_array
 .text.__itoa   0x00003908       0x30 c:/program files (x86)/atmel/studio/7.0/toolchain/arm/arm-gnu-toolchain/bin/../lib/gcc/arm-none-eabi/6.3.1/../../../../arm-none-eabi/lib/thumb/v7e-m\libc.a(lib_a-itoa.o)
                0x00003908                __itoa
 .text.itoa     0x00003938        0x4 c:/program files (x86)/atmel/studio/7.0/toolchain/arm/arm-gnu-toolchain/bin/../lib/gcc/arm-none-eabi/6.3.1/../../../../arm-none-eabi/lib/thumb/v7e-m\libc.a(lib_a-itoa.o)
                0x00003938                itoa
 .text          0x0000393c      0x134 c:/program files (x86)/atmel/studio/7.0/toolchain/arm/arm-gnu-toolchain/bin/../lib/gcc/arm-none-eabi/6.3.1/../../../../arm-none-eabi/lib/thumb/v7e-m\libc.a(lib_a-memcpy.o)
                0x0000393c                memcpy
 .text.memset   0x00003a70       0x9c c:/program files (x86)/atmel/studio/7.0/toolchain/arm/arm-gnu-toolchain/bin/../lib/gcc/arm-none-eabi/6.3.1/../../../../arm-none-eabi/lib/thumb/v7e-m\libc.a(lib_a-memset.o)
                0x00003a70                memset
 .text.strcpy   0x00003b0c       0xbc c:/program files (x86)/atmel/studio/7.0/toolchain/arm/arm-gnu-toolchain/bin/../lib/gcc/arm-none-eabi/6.3.1/../../../../arm-none-eabi/lib/thumb/v7e-m\libc.a(lib_a-strcpy.o)
                0x00003b0c                strcpy
 *fill*         0x00003bc8       0x38 
 .text          0x00003c00       0xdc c:/program files (x86)/atmel/studio/7.0/toolchain/arm/arm-gnu-toolchain/bin/../lib/gcc/arm-none-eabi/6.3.1/../../../../arm-none-eabi/lib/thumb/v7e-m\libc.a(lib_a-strlen.o)
                0x00003c00                strlen
 .text.strncmp  0x00003cdc       0xa4 c:/program files (x86)/atmel/studio/7.0/toolchain/arm/arm-gnu-toolchain/bin/../lib/gcc/arm-none-eabi/6.3.1/../../../../arm-none-eabi/lib/thumb/v7e-m\libc.a(lib_a-strncmp.o)
                0x00003cdc                strncmp
 .text.__utoa   0x00003d80       0x80 c:/program files (x86)/atmel/studio/7.0/toolchain/arm/arm-gnu-toolchain/bin/../lib/gcc/arm-none-eabi/6.3.1/../../../../arm-none-eabi/lib/thumb/v7e-m\libc.a(lib_a-utoa.o)
                0x00003d80                __utoa
 .text.startup.register_fini
                0x00003e00       0x14 c:/program files (x86)/atmel/studio/7.0/toolchain/arm/arm-gnu-toolchain/bin/../lib/gcc/arm-none-eabi/6.3.1/../../../../arm-none-eabi/lib/thumb/v7e-m\libc.a(lib_a-__call_atexit.o)
 .text.atexit   0x00003e14        0xc c:/program files (x86)/atmel/studio/7.0/toolchain/arm/arm-gnu-toolchain/bin/../lib/gcc/arm-none-eabi/6.3.1/../../../../arm-none-eabi/lib/thumb/v7e-m\libc.a(lib_a-atexit.o)
                0x00003e14                atexit
 .text.__libc_fini_array
                0x00003e20       0x34 c:/program files (x86)/atmel/studio/7.0/toolchain/arm/arm-gnu-toolchain/bin/../lib/gcc/arm-none-eabi/6.3.1/../../../../arm-none-eabi/lib/thumb/v7e-m\libc.a(lib_a-fini.o)
                0x00003e20                __libc_fini_array
 .text.__retarget_lock_acquire_recursive
                0x00003e54        0x4 c:/program files (x86)/atmel/studio/7.0/toolchain/arm/arm-gnu-toolchain/bin/../lib/gcc/arm-none-eabi/6.3.1/../../../../arm-none-eabi/lib/thumb/v7e-m\libc.a(lib_a-lock.o)
                0x00003e54                __retarget_lock_acquire_recursive
 .text.__retarget_lock_release_recursive
                0x00003e58        0x4 c:/program files (x86)/atmel/studio/7.0/toolchain/arm/arm-gnu-toolchain/bin/../lib/gcc/arm-none-eabi/6.3.1/../../../../arm-none-eabi/lib/thumb/v7e-m\libc.a(lib_a-lock.o)
                0x00003e58                __retarget_lock_release_recursive
 .text.__register_exitproc
                0x00003e5c       0xc4 c:/program files (x86)/atmel/studio/7.0/toolchain/arm/arm-gnu-toolchain/bin/../lib/gcc/arm-none-eabi/6.3.1/../../../../arm-none-eabi/lib/thumb/v7e-m\libc.a(lib_a-__atexit.o)
                0x00003e5c                __register_exitproc
 *(.glue_7t)
 .glue_7t       0x00003f20        0x0 linker stubs
 *(.glue_7)
 .glue_7        0x00003f20        0x0 linker stubs
 *(.rodata .rodata* .gnu.linkonce.r.*)
 .rodata        0x00003f20       0x34 fat_misc.o
 .rodata.str1.4
                0x00003f54       0x11 fat_misc.o
 *fill*         0x00003f65        0x3 
 .rodata.str1.4
                0x00003f68       0x8a main.o
 *fill*         0x00003ff2        0x2 
 .rodata._global_impure_ptr
                0x00003ff4        0x4 c:/program files (x86)/atmel/studio/7.0/toolchain/arm/arm-gnu-toolchain/bin/../lib/gcc/arm-none-eabi/6.3.1/../../../../arm-none-eabi/lib/thumb/v7e-m\libc.a(lib_a-impure.o)
                0x00003ff4                _global_impure_ptr
 .rodata.__utoa.str1.4
                0x00003ff8       0x28 c:/program files (x86)/atmel/studio/7.0/toolchain/arm/arm-gnu-toolchain/bin/../lib/gcc/arm-none-eabi/6.3.1/../../../../arm-none-eabi/lib/thumb/v7e-m\libc.a(lib_a-utoa.o)
                                 0x25 (size before relaxing)
 *(.ARM.extab* .gnu.linkonce.armextab.*)
                0x00004020                . = ALIGN (0x4)
 *(.init)
 .init          0x00004020        0x4 c:/program files (x86)/atmel/studio/7.0/toolchain/arm/arm-gnu-toolchain/bin/../lib/gcc/arm-none-eabi/6.3.1/thumb/v7e-m/crti.o
                0x00004020                _init
 .init          0x00004024        0x8 c:/program files (x86)/atmel/studio/7.0/toolchain/arm/arm-gnu-toolchain/bin/../lib/gcc/arm-none-eabi/6.3.1/thumb/v7e-m/crtn.o
                0x0000402c                . = ALIGN (0x4)
                0x0000402c                __preinit_array_start = .
 *(.preinit_array)
                0x0000402c                __preinit_array_end = .
                0x0000402c                . = ALIGN (0x4)
                0x0000402c                __init_array_start = .
 *(SORT(.init_array.*))
 .init_array.00000
                0x0000402c        0x4 c:/program files (x86)/atmel/studio/7.0/toolchain/arm/arm-gnu-toolchain/bin/../lib/gcc/arm-none-eabi/6.3.1/../../../../arm-none-eabi/lib/thumb/v7e-m\libc.a(lib_a-__call_atexit.o)
 *(.init_array)
 .init_array    0x00004030        0x4 c:/program files (x86)/atmel/studio/7.0/toolchain/arm/arm-gnu-toolchain/bin/../lib/gcc/arm-none-eabi/6.3.1/thumb/v7e-m/crtbegin.o
                0x00004034                __init_array_end = .
                0x00004034                . = ALIGN (0x4)
 *crtbegin.o(.ctors)
 *(EXCLUDE_FILE(*crtend.o) .ctors)
 *(SORT(.ctors.*))
 *crtend.o(.ctors)
                0x00004034                . = ALIGN (0x4)
 *(.fini)
 .fini          0x00004034        0x4 c:/program files (x86)/atmel/studio/7.0/toolchain/arm/arm-gnu-toolchain/bin/../lib/gcc/arm-none-eabi/6.3.1/thumb/v7e-m/crti.o
                0x00004034                _fini
 .fini          0x00004038        0x8 c:/program files (x86)/atmel/studio/7.0/toolchain/arm/arm-gnu-toolchain/bin/../lib/gcc/arm-none-eabi/6.3.1/thumb/v7e-m/crtn.o
                0x00004040                . = ALIGN (0x4)
                0x00004040                __fini_array_start = .
 *(.fini_array)
 .fini_array    0x00004040        0x4 c:/program files (x86)/atmel/studio/7.0/toolchain/arm/arm-gnu-toolchain/bin/../lib/gcc/arm-none-eabi/6.3.1/thumb/v7e-m/crtbegin.o
 *(SORT(.fini_array.*))
                0x00004044                __fini_array_end = .
 *crtbegin.o(.dtors)
 *(EXCLUDE_FILE(*crtend.o) .dtors)
 *(SORT(.dtors.*))
 *crtend.o(.dtors)
                0x00004044                . = ALIGN (0x4)
                0x00004044                _efixed = .
                [!provide]                PROVIDE (__exidx_start, .)

.vfp11_veneer   0x00004044        0x0
 .vfp11_veneer  0x00004044        0x0 linker stubs

.v4_bx          0x00004044        0x0
 .v4_bx         0x00004044        0x0 linker stubs

.iplt           0x00004044        0x0
 .iplt          0x00004044        0x0 c:/program files (x86)/atmel/studio/7.0/toolchain/arm/arm-gnu-toolchain/bin/../lib/gcc/arm-none-eabi/6.3.1/thumb/v7e-m/crtbegin.o

.ARM.exidx      0x00004044        0x8
 *(.ARM.exidx* .gnu.linkonce.armexidx.*)
 .ARM.exidx     0x00004044        0x8 c:/program files (x86)/atmel/studio/7.0/toolchain/arm/arm-gnu-toolchain/bin/../lib/gcc/arm-none-eabi/6.3.1/thumb/v7e-m\libgcc.a(_udivmoddi4.o)
                [!provide]                PROVIDE (__exidx_end, .)

.eh_frame       0x0000404c        0x0
 .eh_frame      0x0000404c        0x0 c:/program files (x86)/atmel/studio/7.0/toolchain/arm/arm-gnu-toolchain/bin/../lib/gcc/arm-none-eabi/6.3.1/thumb/v7e-m/crtbegin.o

.rel.dyn        0x0000404c        0x0
 .rel.iplt      0x0000404c        0x0 c:/program files (x86)/atmel/studio/7.0/toolchain/arm/arm-gnu-toolchain/bin/../lib/gcc/arm-none-eabi/6.3.1/thumb/v7e-m/crtbegin.o

.jcr            0x0000404c        0x0
 .jcr           0x0000404c        0x0 c:/program files (x86)/atmel/studio/7.0/toolchain/arm/arm-gnu-toolchain/bin/../lib/gcc/arm-none-eabi/6.3.1/thumb/v7e-m/crtbegin.o

.igot.plt       0x0000404c        0x0
 .igot.plt      0x0000404c        0x0 c:/program files (x86)/atmel/studio/7.0/toolchain/arm/arm-gnu-toolchain/bin/../lib/gcc/arm-none-eabi/6.3.1/thumb/v7e-m/crtbegin.o
                0x0000404c                . = ALIGN (0x4)
                0x0000404c                _etext = .

.relocate       0x20000000      0x44c load address 0x0000404c
                0x20000000                . = ALIGN (0x4)
                0x20000000                _srelocate = .
 *(.ramfunc .ramfunc.*)
 .ramfunc       0x20000000        0xa delay_SAM4L.o
                0x20000000                delay_cycles
 *(.data .data.*)
 *fill*         0x2000000a        0x2 
 .data          0x2000000c        0x4 Device_Startup/system_sam4l.o
                0x2000000c                SystemCoreClock
 .data          0x20000010        0x9 main.o
                0x20000010                SDA
                0x20000014                SCL
                0x20000018                I2C_Address
 *fill*         0x20000019        0x7 
 .data.impure_data
                0x20000020      0x428 c:/program files (x86)/atmel/studio/7.0/toolchain/arm/arm-gnu-toolchain/bin/../lib/gcc/arm-none-eabi/6.3.1/../../../../arm-none-eabi/lib/thumb/v7e-m\libc.a(lib_a-impure.o)
 .data.__atexit_recursive_mutex
                0x20000448        0x4 c:/program files (x86)/atmel/studio/7.0/toolchain/arm/arm-gnu-toolchain/bin/../lib/gcc/arm-none-eabi/6.3.1/../../../../arm-none-eabi/lib/thumb/v7e-m\libc.a(lib_a-__call_atexit.o)
                0x20000448                __atexit_recursive_mutex
                0x2000044c                . = ALIGN (0x4)
                0x2000044c                _erelocate = .

.hramc1         0x21000000        0x0
                0x21000000                . = ALIGN (0x8)
                0x21000000                _shramc1 = .
 *(.hramc1 .hramc1.*)
                0x21000000                . = ALIGN (0x8)
                0x21000000                _ehramc1 = .

.bss            0x2000044c      0xd9c load address 0x00004498
                0x2000044c                . = ALIGN (0x4)
                0x2000044c                _sbss = .
                0x2000044c                _szero = .
 *(.bss .bss.*)
 .bss           0x2000044c       0x1c c:/program files (x86)/atmel/studio/7.0/toolchain/arm/arm-gnu-toolchain/bin/../lib/gcc/arm-none-eabi/6.3.1/thumb/v7e-m/crtbegin.o
 .bss           0x20000468      0xd04 fat_filelib.o
 *(COMMON)
 COMMON         0x2000116c        0x5 AK_I2C.o
                0x2000116c                fMainClk
                0x20001170                activeClk
 *fill*         0x20001171        0x3 
 COMMON         0x20001174       0x50 PM_SAM4L.o
                0x20001174                mSCIF
 COMMON         0x200011c4       0x21 c:/program files (x86)/atmel/studio/7.0/toolchain/arm/arm-gnu-toolchain/bin/../lib/gcc/arm-none-eabi/6.3.1/../../../../arm-none-eabi/lib/thumb/v7e-m\libc.a(lib_a-lock.o)
                0x200011c4                __lock___atexit_recursive_mutex
                0x200011c8                __lock___arc4random_mutex
                0x200011cc                __lock___env_recursive_mutex
                0x200011d0                __lock___sinit_recursive_mutex
                0x200011d4                __lock___malloc_recursive_mutex
                0x200011d8                __lock___at_quick_exit_mutex
                0x200011dc                __lock___dd_hash_mutex
                0x200011e0                __lock___tz_mutex
                0x200011e4                __lock___sfp_recursive_mutex
                0x200011e8                . = ALIGN (0x4)
 *fill*         0x200011e5        0x3 
                0x200011e8                _ebss = .
                0x200011e8                _ezero = .

.stack          0x200011e8     0x4000 load address 0x00005234
                0x200011e8                . = ALIGN (0x8)
                0x200011e8                _sstack = .
                0x200051e8                . = (. + STACK_SIZE)
 *fill*         0x200011e8     0x4000 
                0x200051e8                . = ALIGN (0x8)
                0x200051e8                _estack = .
                0x200051e8                . = ALIGN (0x4)
                0x200051e8                _end = .
OUTPUT(101Xplained Temp Logger.elf elf32-littlearm)

.ARM.attributes
                0x00000000       0x2a
 .ARM.attributes
                0x00000000       0x1e c:/program files (x86)/atmel/studio/7.0/toolchain/arm/arm-gnu-toolchain/bin/../lib/gcc/arm-none-eabi/6.3.1/thumb/v7e-m/crti.o
 .ARM.attributes
                0x0000001e       0x2e c:/program files (x86)/atmel/studio/7.0/toolchain/arm/arm-gnu-toolchain/bin/../lib/gcc/arm-none-eabi/6.3.1/thumb/v7e-m/crtbegin.o
 .ARM.attributes
                0x0000004c       0x33 AK_I2C.o
 .ARM.attributes
                0x0000007f       0x33 AK_SD.o
 .ARM.attributes
                0x000000b2       0x33 AK_USART.o
 .ARM.attributes
                0x000000e5       0x33 AK_utils.o
 .ARM.attributes
                0x00000118       0x33 AT30TSE758A_Temp.o
 .ARM.attributes
                0x0000014b       0x33 delay_SAM4L.o
 .ARM.attributes
                0x0000017e       0x33 Device_Startup/startup_sam4l.o
 .ARM.attributes
                0x000001b1       0x33 Device_Startup/system_sam4l.o
 .ARM.attributes
                0x000001e4       0x33 fat_access.o
 .ARM.attributes
                0x00000217       0x33 fat_cache.o
 .ARM.attributes
                0x0000024a       0x33 fat_filelib.o
 .ARM.attributes
                0x0000027d       0x33 fat_misc.o
 .ARM.attributes
                0x000002b0       0x33 fat_string.o
 .ARM.attributes
                0x000002e3       0x33 fat_table.o
 .ARM.attributes
                0x00000316       0x33 fat_write.o
 .ARM.attributes
                0x00000349       0x33 main.o
 .ARM.attributes
                0x0000037c       0x33 PM_SAM4L.o
 .ARM.attributes
                0x000003af       0x1e c:/program files (x86)/atmel/studio/7.0/toolchain/arm/arm-gnu-toolchain/bin/../lib/gcc/arm-none-eabi/6.3.1/thumb/v7e-m\libgcc.a(_arm_addsubsf3.o)
 .ARM.attributes
                0x000003cd       0x1e c:/program files (x86)/atmel/studio/7.0/toolchain/arm/arm-gnu-toolchain/bin/../lib/gcc/arm-none-eabi/6.3.1/thumb/v7e-m\libgcc.a(_arm_muldivsf3.o)
 .ARM.attributes
                0x000003eb       0x1e c:/program files (x86)/atmel/studio/7.0/toolchain/arm/arm-gnu-toolchain/bin/../lib/gcc/arm-none-eabi/6.3.1/thumb/v7e-m\libgcc.a(_arm_fixsfsi.o)
 .ARM.attributes
                0x00000409       0x1e c:/program files (x86)/atmel/studio/7.0/toolchain/arm/arm-gnu-toolchain/bin/../lib/gcc/arm-none-eabi/6.3.1/thumb/v7e-m\libgcc.a(_aeabi_uldivmod.o)
 .ARM.attributes
                0x00000427       0x2e c:/program files (x86)/atmel/studio/7.0/toolchain/arm/arm-gnu-toolchain/bin/../lib/gcc/arm-none-eabi/6.3.1/thumb/v7e-m\libgcc.a(_udivmoddi4.o)
 .ARM.attributes
                0x00000455       0x1e c:/program files (x86)/atmel/studio/7.0/toolchain/arm/arm-gnu-toolchain/bin/../lib/gcc/arm-none-eabi/6.3.1/thumb/v7e-m\libgcc.a(_dvmd_tls.o)
 .ARM.attributes
                0x00000473       0x2e c:/program files (x86)/atmel/studio/7.0/toolchain/arm/arm-gnu-toolchain/bin/../lib/gcc/arm-none-eabi/6.3.1/../../../../arm-none-eabi/lib/thumb/v7e-m\libc.a(lib_a-impure.o)
 .ARM.attributes
                0x000004a1       0x2e c:/program files (x86)/atmel/studio/7.0/toolchain/arm/arm-gnu-toolchain/bin/../lib/gcc/arm-none-eabi/6.3.1/../../../../arm-none-eabi/lib/thumb/v7e-m\libc.a(lib_a-init.o)
 .ARM.attributes
                0x000004cf       0x2e c:/program files (x86)/atmel/studio/7.0/toolchain/arm/arm-gnu-toolchain/bin/../lib/gcc/arm-none-eabi/6.3.1/../../../../arm-none-eabi/lib/thumb/v7e-m\libc.a(lib_a-itoa.o)
 .ARM.attributes
                0x000004fd       0x1c c:/program files (x86)/atmel/studio/7.0/toolchain/arm/arm-gnu-toolchain/bin/../lib/gcc/arm-none-eabi/6.3.1/../../../../arm-none-eabi/lib/thumb/v7e-m\libc.a(lib_a-memcpy.o)
 .ARM.attributes
                0x00000519       0x2e c:/program files (x86)/atmel/studio/7.0/toolchain/arm/arm-gnu-toolchain/bin/../lib/gcc/arm-none-eabi/6.3.1/../../../../arm-none-eabi/lib/thumb/v7e-m\libc.a(lib_a-memset.o)
 .ARM.attributes
                0x00000547       0x2e c:/program files (x86)/atmel/studio/7.0/toolchain/arm/arm-gnu-toolchain/bin/../lib/gcc/arm-none-eabi/6.3.1/../../../../arm-none-eabi/lib/thumb/v7e-m\libc.a(lib_a-strcpy.o)
 .ARM.attributes
                0x00000575       0x1c c:/program files (x86)/atmel/studio/7.0/toolchain/arm/arm-gnu-toolchain/bin/../lib/gcc/arm-none-eabi/6.3.1/../../../../arm-none-eabi/lib/thumb/v7e-m\libc.a(lib_a-strlen.o)
 .ARM.attributes
                0x00000591       0x2e c:/program files (x86)/atmel/studio/7.0/toolchain/arm/arm-gnu-toolchain/bin/../lib/gcc/arm-none-eabi/6.3.1/../../../../arm-none-eabi/lib/thumb/v7e-m\libc.a(lib_a-strncmp.o)
 .ARM.attributes
                0x000005bf       0x2e c:/program files (x86)/atmel/studio/7.0/toolchain/arm/arm-gnu-toolchain/bin/../lib/gcc/arm-none-eabi/6.3.1/../../../../arm-none-eabi/lib/thumb/v7e-m\libc.a(lib_a-utoa.o)
 .ARM.attributes
                0x000005ed       0x2e c:/program files (x86)/atmel/studio/7.0/toolchain/arm/arm-gnu-toolchain/bin/../lib/gcc/arm-none-eabi/6.3.1/../../../../arm-none-eabi/lib/thumb/v7e-m\libc.a(lib_a-__call_atexit.o)
 .ARM.attributes
                0x0000061b       0x2e c:/program files (x86)/atmel/studio/7.0/toolchain/arm/arm-gnu-toolchain/bin/../lib/gcc/arm-none-eabi/6.3.1/../../../../arm-none-eabi/lib/thumb/v7e-m\libc.a(lib_a-atexit.o)
 .ARM.attributes
                0x00000649       0x2e c:/program files (x86)/atmel/studio/7.0/toolchain/arm/arm-gnu-toolchain/bin/../lib/gcc/arm-none-eabi/6.3.1/../../../../arm-none-eabi/lib/thumb/v7e-m\libc.a(lib_a-fini.o)
 .ARM.attributes
                0x00000677       0x2e c:/program files (x86)/atmel/studio/7.0/toolchain/arm/arm-gnu-toolchain/bin/../lib/gcc/arm-none-eabi/6.3.1/../../../../arm-none-eabi/lib/thumb/v7e-m\libc.a(lib_a-lock.o)
 .ARM.attributes
                0x000006a5       0x2e c:/program files (x86)/atmel/studio/7.0/toolchain/arm/arm-gnu-toolchain/bin/../lib/gcc/arm-none-eabi/6.3.1/../../../../arm-none-eabi/lib/thumb/v7e-m\libc.a(lib_a-__atexit.o)
 .ARM.attributes
                0x000006d3       0x1e c:/program files (x86)/atmel/studio/7.0/toolchain/arm/arm-gnu-toolchain/bin/../lib/gcc/arm-none-eabi/6.3.1/thumb/v7e-m/crtn.o

.comment        0x00000000       0x59
 .comment       0x00000000       0x59 AK_I2C.o
                                 0x5a (size before relaxing)
 .comment       0x00000059       0x5a AK_SD.o
 .comment       0x00000059       0x5a AK_USART.o
 .comment       0x00000059       0x5a AK_utils.o
 .comment       0x00000059       0x5a AT30TSE758A_Temp.o
 .comment       0x00000059       0x5a delay_SAM4L.o
 .comment       0x00000059       0x5a Device_Startup/startup_sam4l.o
 .comment       0x00000059       0x5a Device_Startup/system_sam4l.o
 .comment       0x00000059       0x5a fat_access.o
 .comment       0x00000059       0x5a fat_cache.o
 .comment       0x00000059       0x5a fat_filelib.o
 .comment       0x00000059       0x5a fat_misc.o
 .comment       0x00000059       0x5a fat_string.o
 .comment       0x00000059       0x5a fat_table.o
 .comment       0x00000059       0x5a fat_write.o
 .comment       0x00000059       0x5a main.o
 .comment       0x00000059       0x5a PM_SAM4L.o

.debug_info     0x00000000    0x4ecf2
 .debug_info    0x00000000     0xf68a AK_I2C.o
 .debug_info    0x0000f68a     0xfc73 AK_SD.o
 .debug_info    0x0001f2fd    0x1199c AK_USART.o
 .debug_info    0x00030c99    0x1007f AK_utils.o
 .debug_info    0x00040d18      0x2b2 AT30TSE758A_Temp.o
 .debug_info    0x00040fca      0x15e delay_SAM4L.o
 .debug_info    0x00041128      0x97d Device_Startup/startup_sam4l.o
 .debug_info    0x00041aa5       0xfe Device_Startup/system_sam4l.o
 .debug_info    0x00041ba3     0x1c77 fat_access.o
 .debug_info    0x0004381a      0xe1d fat_cache.o
 .debug_info    0x00044637     0x2e22 fat_filelib.o
 .debug_info    0x00047459     0x1085 fat_misc.o
 .debug_info    0x000484de     0x102b fat_string.o
 .debug_info    0x00049509     0x1197 fat_table.o
 .debug_info    0x0004a6a0     0x130b fat_write.o
 .debug_info    0x0004b9ab      0x90f main.o
 .debug_info    0x0004c2ba     0x2a38 PM_SAM4L.o

.debug_abbrev   0x00000000     0x2bd0
 .debug_abbrev  0x00000000      0x22d AK_I2C.o
 .debug_abbrev  0x0000022d      0x2d9 AK_SD.o
 .debug_abbrev  0x00000506      0x452 AK_USART.o
 .debug_abbrev  0x00000958      0x24d AK_utils.o
 .debug_abbrev  0x00000ba5      0x142 AT30TSE758A_Temp.o
 .debug_abbrev  0x00000ce7       0xc6 delay_SAM4L.o
 .debug_abbrev  0x00000dad      0x153 Device_Startup/startup_sam4l.o
 .debug_abbrev  0x00000f00       0x8a Device_Startup/system_sam4l.o
 .debug_abbrev  0x00000f8a      0x397 fat_access.o
 .debug_abbrev  0x00001321      0x1dc fat_cache.o
 .debug_abbrev  0x000014fd      0x4fb fat_filelib.o
 .debug_abbrev  0x000019f8      0x371 fat_misc.o
 .debug_abbrev  0x00001d69      0x351 fat_string.o
 .debug_abbrev  0x000020ba      0x2e5 fat_table.o
 .debug_abbrev  0x0000239f      0x336 fat_write.o
 .debug_abbrev  0x000026d5      0x241 main.o
 .debug_abbrev  0x00002916      0x2ba PM_SAM4L.o

.debug_loc      0x00000000     0x79c6
 .debug_loc     0x00000000      0x215 AK_I2C.o
 .debug_loc     0x00000215      0x70e AK_SD.o
 .debug_loc     0x00000923      0x51b AK_USART.o
 .debug_loc     0x00000e3e      0x111 AK_utils.o
 .debug_loc     0x00000f4f      0x168 AT30TSE758A_Temp.o
 .debug_loc     0x000010b7       0x6b Device_Startup/startup_sam4l.o
 .debug_loc     0x00001122     0x13be fat_access.o
 .debug_loc     0x000024e0       0x63 fat_cache.o
 .debug_loc     0x00002543     0x2030 fat_filelib.o
 .debug_loc     0x00004573      0x95f fat_misc.o
 .debug_loc     0x00004ed2     0x1049 fat_string.o
 .debug_loc     0x00005f1b      0xc9e fat_table.o
 .debug_loc     0x00006bb9      0xa88 fat_write.o
 .debug_loc     0x00007641      0x2e4 main.o
 .debug_loc     0x00007925       0xa1 PM_SAM4L.o

.debug_aranges  0x00000000      0x5c0
 .debug_aranges
                0x00000000       0x30 AK_I2C.o
 .debug_aranges
                0x00000030       0x70 AK_SD.o
 .debug_aranges
                0x000000a0       0x60 AK_USART.o
 .debug_aranges
                0x00000100       0x48 AK_utils.o
 .debug_aranges
                0x00000148       0x30 AT30TSE758A_Temp.o
 .debug_aranges
                0x00000178       0x20 delay_SAM4L.o
 .debug_aranges
                0x00000198       0x28 Device_Startup/startup_sam4l.o
 .debug_aranges
                0x000001c0       0x28 Device_Startup/system_sam4l.o
 .debug_aranges
                0x000001e8       0x90 fat_access.o
 .debug_aranges
                0x00000278       0x30 fat_cache.o
 .debug_aranges
                0x000002a8      0x120 fat_filelib.o
 .debug_aranges
                0x000003c8       0x88 fat_misc.o
 .debug_aranges
                0x00000450       0x68 fat_string.o
 .debug_aranges
                0x000004b8       0x70 fat_table.o
 .debug_aranges
                0x00000528       0x30 fat_write.o
 .debug_aranges
                0x00000558       0x30 main.o
 .debug_aranges
                0x00000588       0x38 PM_SAM4L.o

.debug_ranges   0x00000000      0x708
 .debug_ranges  0x00000000       0x20 AK_I2C.o
 .debug_ranges  0x00000020       0x78 AK_SD.o
 .debug_ranges  0x00000098       0x80 AK_USART.o
 .debug_ranges  0x00000118       0x38 AK_utils.o
 .debug_ranges  0x00000150       0x20 AT30TSE758A_Temp.o
 .debug_ranges  0x00000170       0x10 delay_SAM4L.o
 .debug_ranges  0x00000180       0x18 Device_Startup/startup_sam4l.o
 .debug_ranges  0x00000198       0x18 Device_Startup/system_sam4l.o
 .debug_ranges  0x000001b0       0xb0 fat_access.o
 .debug_ranges  0x00000260       0x20 fat_cache.o
 .debug_ranges  0x00000280      0x240 fat_filelib.o
 .debug_ranges  0x000004c0       0x90 fat_misc.o
 .debug_ranges  0x00000550       0x98 fat_string.o
 .debug_ranges  0x000005e8       0x60 fat_table.o
 .debug_ranges  0x00000648       0x60 fat_write.o
 .debug_ranges  0x000006a8       0x38 main.o
 .debug_ranges  0x000006e0       0x28 PM_SAM4L.o

.debug_macro    0x00000000    0x2ef2c
 .debug_macro   0x00000000      0x3f1 AK_I2C.o
 .debug_macro   0x000003f1      0x8b6 AK_I2C.o
 .debug_macro   0x00000ca7      0x16d AK_I2C.o
 .debug_macro   0x00000e14       0x22 AK_I2C.o
 .debug_macro   0x00000e36       0x87 AK_I2C.o
 .debug_macro   0x00000ebd       0x51 AK_I2C.o
 .debug_macro   0x00000f0e       0xef AK_I2C.o
 .debug_macro   0x00000ffd       0x6a AK_I2C.o
 .debug_macro   0x00001067      0x1df AK_I2C.o
 .debug_macro   0x00001246       0x6a AK_I2C.o
 .debug_macro   0x000012b0       0x28 AK_I2C.o
 .debug_macro   0x000012d8       0xaf AK_I2C.o
 .debug_macro   0x00001387      0xfe7 AK_I2C.o
 .debug_macro   0x0000236e      0x3ec AK_I2C.o
 .debug_macro   0x0000275a      0x9d1 AK_I2C.o
 .debug_macro   0x0000312b      0x83a AK_I2C.o
 .debug_macro   0x00003965      0x325 AK_I2C.o
 .debug_macro   0x00003c8a      0xb57 AK_I2C.o
 .debug_macro   0x000047e1      0x541 AK_I2C.o
 .debug_macro   0x00004d22      0xb98 AK_I2C.o
 .debug_macro   0x000058ba      0x521 AK_I2C.o
 .debug_macro   0x00005ddb       0x3a AK_I2C.o
 .debug_macro   0x00005e15      0x2bb AK_I2C.o
 .debug_macro   0x000060d0      0x1f5 AK_I2C.o
 .debug_macro   0x000062c5      0xf8e AK_I2C.o
 .debug_macro   0x00007253      0x88b AK_I2C.o
 .debug_macro   0x00007ade      0x20b AK_I2C.o
 .debug_macro   0x00007ce9       0xbe AK_I2C.o
 .debug_macro   0x00007da7     0x8f31 AK_I2C.o
 .debug_macro   0x00010cd8      0x1e3 AK_I2C.o
 .debug_macro   0x00010ebb      0x55f AK_I2C.o
 .debug_macro   0x0001141a      0x94b AK_I2C.o
 .debug_macro   0x00011d65      0x797 AK_I2C.o
 .debug_macro   0x000124fc      0x231 AK_I2C.o
 .debug_macro   0x0001272d      0x560 AK_I2C.o
 .debug_macro   0x00012c8d      0x5eb AK_I2C.o
 .debug_macro   0x00013278      0x10f AK_I2C.o
 .debug_macro   0x00013387      0xa9b AK_I2C.o
 .debug_macro   0x00013e22      0xc12 AK_I2C.o
 .debug_macro   0x00014a34      0x35e AK_I2C.o
 .debug_macro   0x00014d92      0xcf3 AK_I2C.o
 .debug_macro   0x00015a85     0x17b6 AK_I2C.o
 .debug_macro   0x0001723b      0x125 AK_I2C.o
 .debug_macro   0x00017360      0x931 AK_I2C.o
 .debug_macro   0x00017c91      0x848 AK_I2C.o
 .debug_macro   0x000184d9     0x5604 AK_I2C.o
 .debug_macro   0x0001dadd     0x6d27 AK_I2C.o
 .debug_macro   0x00024804      0x231 AK_I2C.o
 .debug_macro   0x00024a35       0x64 AK_I2C.o
 .debug_macro   0x00024a99       0x8e AK_I2C.o
 .debug_macro   0x00024b27       0xa6 AK_I2C.o
 .debug_macro   0x00024bcd       0xb8 AK_I2C.o
 .debug_macro   0x00024c85       0xa6 AK_I2C.o
 .debug_macro   0x00024d2b       0x9a AK_I2C.o
 .debug_macro   0x00024dc5      0x112 AK_I2C.o
 .debug_macro   0x00024ed7       0xa0 AK_I2C.o
 .debug_macro   0x00024f77       0x16 AK_I2C.o
 .debug_macro   0x00024f8d       0x6a AK_I2C.o
 .debug_macro   0x00024ff7       0x58 AK_I2C.o
 .debug_macro   0x0002504f       0xa0 AK_I2C.o
 .debug_macro   0x000250ef       0x34 AK_I2C.o
 .debug_macro   0x00025123      0x106 AK_I2C.o
 .debug_macro   0x00025229       0x3a AK_I2C.o
 .debug_macro   0x00025263      0x830 AK_I2C.o
 .debug_macro   0x00025a93       0x40 AK_I2C.o
 .debug_macro   0x00025ad3      0x2a5 AK_I2C.o
 .debug_macro   0x00025d78       0x70 AK_I2C.o
 .debug_macro   0x00025de8       0xb2 AK_I2C.o
 .debug_macro   0x00025e9a       0x46 AK_I2C.o
 .debug_macro   0x00025ee0      0x5c8 AK_I2C.o
 .debug_macro   0x000264a8      0x378 AK_I2C.o
 .debug_macro   0x00026820       0x28 AK_I2C.o
 .debug_macro   0x00026848      0x148 AK_I2C.o
 .debug_macro   0x00026990      0x2bb AK_I2C.o
 .debug_macro   0x00026c4b       0x46 AK_I2C.o
 .debug_macro   0x00026c91       0x7c AK_I2C.o
 .debug_macro   0x00026d0d      0x112 AK_I2C.o
 .debug_macro   0x00026e1f      0x112 AK_I2C.o
 .debug_macro   0x00026f31       0x34 AK_I2C.o
 .debug_macro   0x00026f65       0x7c AK_I2C.o
 .debug_macro   0x00026fe1       0x7c AK_I2C.o
 .debug_macro   0x0002705d       0x7c AK_I2C.o
 .debug_macro   0x000270d9       0x7c AK_I2C.o
 .debug_macro   0x00027155       0x76 AK_I2C.o
 .debug_macro   0x000271cb       0x76 AK_I2C.o
 .debug_macro   0x00027241       0x9a AK_I2C.o
 .debug_macro   0x000272db       0x9a AK_I2C.o
 .debug_macro   0x00027375       0x9a AK_I2C.o
 .debug_macro   0x0002740f       0x9a AK_I2C.o
 .debug_macro   0x000274a9      0x447 AK_I2C.o
 .debug_macro   0x000278f0       0x46 AK_I2C.o
 .debug_macro   0x00027936      0x598 AK_I2C.o
 .debug_macro   0x00027ece     0x2f6f AK_I2C.o
 .debug_macro   0x0002ae3d      0x169 AK_I2C.o
 .debug_macro   0x0002afa6      0x41b AK_SD.o
 .debug_macro   0x0002b3c1       0x10 AK_SD.o
 .debug_macro   0x0002b3d1       0x22 AK_SD.o
 .debug_macro   0x0002b3f3      0x4bf AK_USART.o
 .debug_macro   0x0002b8b2       0x58 AK_USART.o
 .debug_macro   0x0002b90a       0x58 AK_USART.o
 .debug_macro   0x0002b962       0x35 AK_USART.o
 .debug_macro   0x0002b997       0x9c AK_USART.o
 .debug_macro   0x0002ba33       0x58 AK_USART.o
 .debug_macro   0x0002ba8b       0x1f AK_USART.o
 .debug_macro   0x0002baaa       0x43 AK_USART.o
 .debug_macro   0x0002baed       0x20 AK_USART.o
 .debug_macro   0x0002bb0d      0x187 AK_USART.o
 .debug_macro   0x0002bc94      0x353 AK_USART.o
 .debug_macro   0x0002bfe7      0x1e1 AK_USART.o
 .debug_macro   0x0002c1c8      0x40d AK_utils.o
 .debug_macro   0x0002c5d5      0x3ff AT30TSE758A_Temp.o
 .debug_macro   0x0002c9d4      0x3f4 delay_SAM4L.o
 .debug_macro   0x0002cdc8      0x3ca Device_Startup/startup_sam4l.o
 .debug_macro   0x0002d192      0x3d0 Device_Startup/system_sam4l.o
 .debug_macro   0x0002d562      0x149 fat_access.o
 .debug_macro   0x0002d6ab       0x52 fat_access.o
 .debug_macro   0x0002d6fd       0x8d fat_access.o
 .debug_macro   0x0002d78a       0x57 fat_access.o
 .debug_macro   0x0002d7e1       0x10 fat_access.o
 .debug_macro   0x0002d7f1       0x35 fat_access.o
 .debug_macro   0x0002d826       0x10 fat_access.o
 .debug_macro   0x0002d836       0x4c fat_access.o
 .debug_macro   0x0002d882       0x2e fat_access.o
 .debug_macro   0x0002d8b0      0x1ae fat_access.o
 .debug_macro   0x0002da5e       0x40 fat_access.o
 .debug_macro   0x0002da9e       0x2e fat_access.o
 .debug_macro   0x0002dacc      0x14a fat_cache.o
 .debug_macro   0x0002dc16       0x3a fat_cache.o
 .debug_macro   0x0002dc50       0x3a fat_cache.o
 .debug_macro   0x0002dc8a       0x40 fat_cache.o
 .debug_macro   0x0002dcca      0x1ab fat_filelib.o
 .debug_macro   0x0002de75       0x16 fat_filelib.o
 .debug_macro   0x0002de8b      0x10e fat_filelib.o
 .debug_macro   0x0002df99       0x86 fat_filelib.o
 .debug_macro   0x0002e01f       0x16 fat_filelib.o
 .debug_macro   0x0002e035       0x29 fat_filelib.o
 .debug_macro   0x0002e05e       0x16 fat_filelib.o
 .debug_macro   0x0002e074      0x156 fat_misc.o
 .debug_macro   0x0002e1ca       0x28 fat_misc.o
 .debug_macro   0x0002e1f2       0xfd fat_string.o
 .debug_macro   0x0002e2ef       0x16 fat_string.o
 .debug_macro   0x0002e305      0x14d fat_table.o
 .debug_macro   0x0002e452      0x149 fat_write.o
 .debug_macro   0x0002e59b      0x49c main.o
 .debug_macro   0x0002ea37       0x58 main.o
 .debug_macro   0x0002ea8f      0x40c PM_SAM4L.o
 .debug_macro   0x0002ee9b       0x91 PM_SAM4L.o

.debug_line     0x00000000     0x7aa9
 .debug_line    0x00000000      0x81f AK_I2C.o
 .debug_line    0x0000081f      0x9f7 AK_SD.o
 .debug_line    0x00001216      0x974 AK_USART.o
 .debug_line    0x00001b8a      0x86c AK_utils.o
 .debug_line    0x000023f6      0x7fa AT30TSE758A_Temp.o
 .debug_line    0x00002bf0      0x7bc delay_SAM4L.o
 .debug_line    0x000033ac      0x7c3 Device_Startup/startup_sam4l.o
 .debug_line    0x00003b6f      0x7b3 Device_Startup/system_sam4l.o
 .debug_line    0x00004322      0x5e6 fat_access.o
 .debug_line    0x00004908      0x33e fat_cache.o
 .debug_line    0x00004c46      0xa62 fat_filelib.o
 .debug_line    0x000056a8      0x4d8 fat_misc.o
 .debug_line    0x00005b80      0x4e7 fat_string.o
 .debug_line    0x00006067      0x4a0 fat_table.o
 .debug_line    0x00006507      0x424 fat_write.o
 .debug_line    0x0000692b      0x90e main.o
 .debug_line    0x00007239      0x870 PM_SAM4L.o

.debug_str      0x00000000   0x101281
 .debug_str     0x00000000    0xf988b AK_I2C.o
                              0xfa2e5 (size before relaxing)
 .debug_str     0x000f988b      0x4e6 AK_SD.o
                              0xfa4df (size before relaxing)
 .debug_str     0x000f9d71     0x3a6d AK_USART.o
                              0xfdd40 (size before relaxing)
 .debug_str     0x000fd7de      0x65a AK_utils.o
                              0xfa8a9 (size before relaxing)
 .debug_str     0x000fde38       0x92 AT30TSE758A_Temp.o
                              0xf8f66 (size before relaxing)
 .debug_str     0x000fdeca       0x78 delay_SAM4L.o
                              0xf8f6e (size before relaxing)
 .debug_str     0x000fdf42      0x791 Device_Startup/startup_sam4l.o
                              0xf923f (size before relaxing)
 .debug_str     0x000fe6d3       0x5a Device_Startup/system_sam4l.o
                              0xf8ae3 (size before relaxing)
 .debug_str     0x000fe72d     0x120d fat_access.o
                               0x6c80 (size before relaxing)
 .debug_str     0x000ff93a      0x34b fat_cache.o
                               0x6863 (size before relaxing)
 .debug_str     0x000ffc85      0x608 fat_filelib.o
                               0x73a0 (size before relaxing)
 .debug_str     0x0010028d       0xf0 fat_misc.o
                               0x6872 (size before relaxing)
 .debug_str     0x0010037d      0x1d1 fat_string.o
                               0x5b7f (size before relaxing)
 .debug_str     0x0010054e      0x28c fat_table.o
                               0x6aeb (size before relaxing)
 .debug_str     0x001007da       0xe1 fat_write.o
                               0x6ad2 (size before relaxing)
 .debug_str     0x001008bb       0x84 main.o
                              0xf9ef0 (size before relaxing)
 .debug_str     0x0010093f      0x942 PM_SAM4L.o
                              0xf9f7e (size before relaxing)

.debug_frame    0x00000000     0x14e4
 .debug_frame   0x00000000       0x58 AK_I2C.o
 .debug_frame   0x00000058      0x174 AK_SD.o
 .debug_frame   0x000001cc      0x13c AK_USART.o
 .debug_frame   0x00000308       0xa0 AK_utils.o
 .debug_frame   0x000003a8       0x68 AT30TSE758A_Temp.o
 .debug_frame   0x00000410       0x20 delay_SAM4L.o
 .debug_frame   0x00000430       0x38 Device_Startup/startup_sam4l.o
 .debug_frame   0x00000468       0x30 Device_Startup/system_sam4l.o
 .debug_frame   0x00000498      0x214 fat_access.o
 .debug_frame   0x000006ac       0x40 fat_cache.o
 .debug_frame   0x000006ec      0x440 fat_filelib.o
 .debug_frame   0x00000b2c      0x168 fat_misc.o
 .debug_frame   0x00000c94      0x15c fat_string.o
 .debug_frame   0x00000df0      0x178 fat_table.o
 .debug_frame   0x00000f68       0xa0 fat_write.o
 .debug_frame   0x00001008       0x8c main.o
 .debug_frame   0x00001094       0x58 PM_SAM4L.o
 .debug_frame   0x000010ec       0x4c c:/program files (x86)/atmel/studio/7.0/toolchain/arm/arm-gnu-toolchain/bin/../lib/gcc/arm-none-eabi/6.3.1/thumb/v7e-m\libgcc.a(_arm_addsubsf3.o)
 .debug_frame   0x00001138       0x38 c:/program files (x86)/atmel/studio/7.0/toolchain/arm/arm-gnu-toolchain/bin/../lib/gcc/arm-none-eabi/6.3.1/thumb/v7e-m\libgcc.a(_arm_muldivsf3.o)
 .debug_frame   0x00001170       0x24 c:/program files (x86)/atmel/studio/7.0/toolchain/arm/arm-gnu-toolchain/bin/../lib/gcc/arm-none-eabi/6.3.1/thumb/v7e-m\libgcc.a(_arm_fixsfsi.o)
 .debug_frame   0x00001194       0x2c c:/program files (x86)/atmel/studio/7.0/toolchain/arm/arm-gnu-toolchain/bin/../lib/gcc/arm-none-eabi/6.3.1/thumb/v7e-m\libgcc.a(_aeabi_uldivmod.o)
 .debug_frame   0x000011c0       0x34 c:/program files (x86)/atmel/studio/7.0/toolchain/arm/arm-gnu-toolchain/bin/../lib/gcc/arm-none-eabi/6.3.1/thumb/v7e-m\libgcc.a(_udivmoddi4.o)
 .debug_frame   0x000011f4       0x2c c:/program files (x86)/atmel/studio/7.0/toolchain/arm/arm-gnu-toolchain/bin/../lib/gcc/arm-none-eabi/6.3.1/../../../../arm-none-eabi/lib/thumb/v7e-m\libc.a(lib_a-init.o)
 .debug_frame   0x00001220       0x3c c:/program files (x86)/atmel/studio/7.0/toolchain/arm/arm-gnu-toolchain/bin/../lib/gcc/arm-none-eabi/6.3.1/../../../../arm-none-eabi/lib/thumb/v7e-m\libc.a(lib_a-itoa.o)
 .debug_frame   0x0000125c       0x34 c:/program files (x86)/atmel/studio/7.0/toolchain/arm/arm-gnu-toolchain/bin/../lib/gcc/arm-none-eabi/6.3.1/../../../../arm-none-eabi/lib/thumb/v7e-m\libc.a(lib_a-memset.o)
 .debug_frame   0x00001290       0x20 c:/program files (x86)/atmel/studio/7.0/toolchain/arm/arm-gnu-toolchain/bin/../lib/gcc/arm-none-eabi/6.3.1/../../../../arm-none-eabi/lib/thumb/v7e-m\libc.a(lib_a-strcpy.o)
 .debug_frame   0x000012b0       0x54 c:/program files (x86)/atmel/studio/7.0/toolchain/arm/arm-gnu-toolchain/bin/../lib/gcc/arm-none-eabi/6.3.1/../../../../arm-none-eabi/lib/thumb/v7e-m\libc.a(lib_a-strncmp.o)
 .debug_frame   0x00001304       0x4c c:/program files (x86)/atmel/studio/7.0/toolchain/arm/arm-gnu-toolchain/bin/../lib/gcc/arm-none-eabi/6.3.1/../../../../arm-none-eabi/lib/thumb/v7e-m\libc.a(lib_a-utoa.o)
 .debug_frame   0x00001350       0x5c c:/program files (x86)/atmel/studio/7.0/toolchain/arm/arm-gnu-toolchain/bin/../lib/gcc/arm-none-eabi/6.3.1/../../../../arm-none-eabi/lib/thumb/v7e-m\libc.a(lib_a-__call_atexit.o)
 .debug_frame   0x000013ac       0x20 c:/program files (x86)/atmel/studio/7.0/toolchain/arm/arm-gnu-toolchain/bin/../lib/gcc/arm-none-eabi/6.3.1/../../../../arm-none-eabi/lib/thumb/v7e-m\libc.a(lib_a-atexit.o)
 .debug_frame   0x000013cc       0x34 c:/program files (x86)/atmel/studio/7.0/toolchain/arm/arm-gnu-toolchain/bin/../lib/gcc/arm-none-eabi/6.3.1/../../../../arm-none-eabi/lib/thumb/v7e-m\libc.a(lib_a-fini.o)
 .debug_frame   0x00001400       0xb0 c:/program files (x86)/atmel/studio/7.0/toolchain/arm/arm-gnu-toolchain/bin/../lib/gcc/arm-none-eabi/6.3.1/../../../../arm-none-eabi/lib/thumb/v7e-m\libc.a(lib_a-lock.o)
 .debug_frame   0x000014b0       0x34 c:/program files (x86)/atmel/studio/7.0/toolchain/arm/arm-gnu-toolchain/bin/../lib/gcc/arm-none-eabi/6.3.1/../../../../arm-none-eabi/lib/thumb/v7e-m\libc.a(lib_a-__atexit.o)
