Archive member included to satisfy reference by file (symbol)

c:/program files (x86)/atmel/studio/7.0/toolchain/arm/arm-gnu-toolchain/bin/../lib/gcc/arm-none-eabi/6.3.1/thumb/v7e-m\libgcc.a(_arm_addsubdf3.o)
                              SCIF_SAM4L.o (__aeabi_dsub)
c:/program files (x86)/atmel/studio/7.0/toolchain/arm/arm-gnu-toolchain/bin/../lib/gcc/arm-none-eabi/6.3.1/thumb/v7e-m\libgcc.a(_arm_muldivdf3.o)
                              SCIF_SAM4L.o (__aeabi_dmul)
c:/program files (x86)/atmel/studio/7.0/toolchain/arm/arm-gnu-toolchain/bin/../lib/gcc/arm-none-eabi/6.3.1/thumb/v7e-m\libgcc.a(_arm_cmpdf2.o)
                              SCIF_SAM4L.o (__aeabi_dcmplt)
c:/program files (x86)/atmel/studio/7.0/toolchain/arm/arm-gnu-toolchain/bin/../lib/gcc/arm-none-eabi/6.3.1/thumb/v7e-m\libgcc.a(_arm_fixunsdfsi.o)
                              SCIF_SAM4L.o (__aeabi_d2uiz)
c:/program files (x86)/atmel/studio/7.0/toolchain/arm/arm-gnu-toolchain/bin/../lib/gcc/arm-none-eabi/6.3.1/thumb/v7e-m\libgcc.a(_aeabi_uldivmod.o)
                              AK_utils.o (__aeabi_uldivmod)
c:/program files (x86)/atmel/studio/7.0/toolchain/arm/arm-gnu-toolchain/bin/../lib/gcc/arm-none-eabi/6.3.1/thumb/v7e-m\libgcc.a(_fixunsdfdi.o)
                              SCIF_SAM4L.o (__aeabi_d2ulz)
c:/program files (x86)/atmel/studio/7.0/toolchain/arm/arm-gnu-toolchain/bin/../lib/gcc/arm-none-eabi/6.3.1/thumb/v7e-m\libgcc.a(_udivmoddi4.o)
                              c:/program files (x86)/atmel/studio/7.0/toolchain/arm/arm-gnu-toolchain/bin/../lib/gcc/arm-none-eabi/6.3.1/thumb/v7e-m\libgcc.a(_aeabi_uldivmod.o) (__udivmoddi4)
c:/program files (x86)/atmel/studio/7.0/toolchain/arm/arm-gnu-toolchain/bin/../lib/gcc/arm-none-eabi/6.3.1/thumb/v7e-m\libgcc.a(_dvmd_tls.o)
                              c:/program files (x86)/atmel/studio/7.0/toolchain/arm/arm-gnu-toolchain/bin/../lib/gcc/arm-none-eabi/6.3.1/thumb/v7e-m\libgcc.a(_aeabi_uldivmod.o) (__aeabi_ldiv0)
c:/program files (x86)/atmel/studio/7.0/toolchain/arm/arm-gnu-toolchain/bin/../lib/gcc/arm-none-eabi/6.3.1/../../../../arm-none-eabi/lib/thumb/v7e-m\libc.a(lib_a-exit.o)
                              c:/program files (x86)/atmel/studio/7.0/toolchain/arm/arm-gnu-toolchain/bin/../lib/gcc/arm-none-eabi/6.3.1/../../../../arm-none-eabi/lib/thumb/v7e-m/crt0.o (exit)
c:/program files (x86)/atmel/studio/7.0/toolchain/arm/arm-gnu-toolchain/bin/../lib/gcc/arm-none-eabi/6.3.1/../../../../arm-none-eabi/lib/thumb/v7e-m\libc.a(lib_a-impure.o)
                              c:/program files (x86)/atmel/studio/7.0/toolchain/arm/arm-gnu-toolchain/bin/../lib/gcc/arm-none-eabi/6.3.1/../../../../arm-none-eabi/lib/thumb/v7e-m\libc.a(lib_a-exit.o) (_global_impure_ptr)
c:/program files (x86)/atmel/studio/7.0/toolchain/arm/arm-gnu-toolchain/bin/../lib/gcc/arm-none-eabi/6.3.1/../../../../arm-none-eabi/lib/thumb/v7e-m\libc.a(lib_a-init.o)
                              c:/program files (x86)/atmel/studio/7.0/toolchain/arm/arm-gnu-toolchain/bin/../lib/gcc/arm-none-eabi/6.3.1/../../../../arm-none-eabi/lib/thumb/v7e-m/crt0.o (__libc_init_array)
c:/program files (x86)/atmel/studio/7.0/toolchain/arm/arm-gnu-toolchain/bin/../lib/gcc/arm-none-eabi/6.3.1/../../../../arm-none-eabi/lib/thumb/v7e-m\libc.a(lib_a-itoa.o)
                              AK_USART.o (itoa)
c:/program files (x86)/atmel/studio/7.0/toolchain/arm/arm-gnu-toolchain/bin/../lib/gcc/arm-none-eabi/6.3.1/../../../../arm-none-eabi/lib/thumb/v7e-m\libc.a(lib_a-memcpy.o)
                              fat_filelib.o (memcpy)
c:/program files (x86)/atmel/studio/7.0/toolchain/arm/arm-gnu-toolchain/bin/../lib/gcc/arm-none-eabi/6.3.1/../../../../arm-none-eabi/lib/thumb/v7e-m\libc.a(lib_a-memset.o)
                              c:/program files (x86)/atmel/studio/7.0/toolchain/arm/arm-gnu-toolchain/bin/../lib/gcc/arm-none-eabi/6.3.1/../../../../arm-none-eabi/lib/thumb/v7e-m/crt0.o (memset)
c:/program files (x86)/atmel/studio/7.0/toolchain/arm/arm-gnu-toolchain/bin/../lib/gcc/arm-none-eabi/6.3.1/../../../../arm-none-eabi/lib/thumb/v7e-m\libc.a(lib_a-strcpy.o)
                              AK_USART.o (strcpy)
c:/program files (x86)/atmel/studio/7.0/toolchain/arm/arm-gnu-toolchain/bin/../lib/gcc/arm-none-eabi/6.3.1/../../../../arm-none-eabi/lib/thumb/v7e-m\libc.a(lib_a-strlen.o)
                              AK_USART.o (strlen)
c:/program files (x86)/atmel/studio/7.0/toolchain/arm/arm-gnu-toolchain/bin/../lib/gcc/arm-none-eabi/6.3.1/../../../../arm-none-eabi/lib/thumb/v7e-m\libc.a(lib_a-strncmp.o)
                              fat_access.o (strncmp)
c:/program files (x86)/atmel/studio/7.0/toolchain/arm/arm-gnu-toolchain/bin/../lib/gcc/arm-none-eabi/6.3.1/../../../../arm-none-eabi/lib/thumb/v7e-m\libc.a(lib_a-strncpy.o)
                              fat_access.o (strncpy)
c:/program files (x86)/atmel/studio/7.0/toolchain/arm/arm-gnu-toolchain/bin/../lib/gcc/arm-none-eabi/6.3.1/../../../../arm-none-eabi/lib/thumb/v7e-m\libc.a(lib_a-utoa.o)
[...]
Memory Configuration

Name             Origin             Length             Attributes
rom              0x00000000         0x00080000         xr
ram              0x20000000         0x00010000         xrw
hramc1           0x21000000         0x00000800         xrw
*default*        0x00000000         0xffffffff

Linker script and memory map

LOAD c:/program files (x86)/atmel/studio/7.0/toolchain/arm/arm-gnu-toolchain/bin/../lib/gcc/arm-none-eabi/6.3.1/thumb/v7e-m/crti.o
LOAD c:/program files (x86)/atmel/studio/7.0/toolchain/arm/arm-gnu-toolchain/bin/../lib/gcc/arm-none-eabi/6.3.1/thumb/v7e-m/crtbegin.o
LOAD c:/program files (x86)/atmel/studio/7.0/toolchain/arm/arm-gnu-toolchain/bin/../lib/gcc/arm-none-eabi/6.3.1/../../../../arm-none-eabi/lib/thumb/v7e-m/crt0.o
LOAD AK_SD.o
LOAD AK_USART.o
LOAD AK_utils.o
LOAD BSCIF_SAM4L.o
LOAD delay_SAM4L.o
LOAD Device_Startup/startup_sam4l.o
LOAD Device_Startup/system_sam4l.o
LOAD fat_access.o
LOAD fat_cache.o
LOAD fat_filelib.o
LOAD fat_format.o
LOAD fat_misc.o
LOAD fat_string.o
LOAD fat_table.o
LOAD fat_write.o
LOAD main.o
LOAD PM_SAM4L.o
LOAD SCIF_SAM4L.o
START GROUP
LOAD c:/program files (x86)/atmel/studio/7.0/toolchain/arm/arm-gnu-toolchain/bin/../lib/gcc/arm-none-eabi/6.3.1/../../../../arm-none-eabi/lib/thumb/v7e-m\libm.a
END GROUP
START GROUP
LOAD c:/program files (x86)/atmel/studio/7.0/toolchain/arm/arm-gnu-toolchain/bin/../lib/gcc/arm-none-eabi/6.3.1/thumb/v7e-m\libgcc.a
LOAD c:/program files (x86)/atmel/studio/7.0/toolchain/arm/arm-gnu-toolchain/bin/../lib/gcc/arm-none-eabi/6.3.1/../../../../arm-none-eabi/lib/thumb/v7e-m\libc.a
END GROUP
LOAD c:/program files (x86)/atmel/studio/7.0/toolchain/arm/arm-gnu-toolchain/bin/../lib/gcc/arm-none-eabi/6.3.1/thumb/v7e-m/crtend.o
LOAD c:/program files (x86)/atmel/studio/7.0/toolchain/arm/arm-gnu-toolchain/bin/../lib/gcc/arm-none-eabi/6.3.1/thumb/v7e-m/crtn.o
                0x00004000                STACK_SIZE = DEFINED (STACK_SIZE)?STACK_SIZE:DEFINED (__stack_size__)?__stack_size__:0x4000

.text           0x00000000     0x3940
                0x00000000                . = ALIGN (0x4)
                0x00000000                _sfixed = .
 *(.vectors .vectors.*)
 .vectors       0x00000000      0x180 Device_Startup/startup_sam4l.o
                0x00000000                exception_table
 *(.text .text.* .gnu.linkonce.t.*)
 .text          0x00000180       0x6c c:/program files (x86)/atmel/studio/7.0/toolchain/arm/arm-gnu-toolchain/bin/../lib/gcc/arm-none-eabi/6.3.1/thumb/v7e-m/crtbegin.o
 .text.SPI_init
                0x000001ec       0xd0 AK_SD.o
                0x000001ec                SPI_init
 .text.SD_send_byte
                0x000002bc       0x54 AK_SD.o
                0x000002bc                SD_send_byte
 .text.SD_transmit_32
                0x00000310       0x50 AK_SD.o
                0x00000310                SD_transmit_32
 .text.SD_send_command_cmd_0
                0x00000360       0x6c AK_SD.o
                0x00000360                SD_send_command_cmd_0
 .text.SD_send_command_R1
                0x000003cc       0x8c AK_SD.o
                0x000003cc                SD_send_command_R1
 .text.SD_write_single_block
                0x00000458       0x64 AK_SD.o
                0x00000458                SD_write_single_block
 .text.SD_read_single_block
                0x000004bc       0x50 AK_SD.o
                0x000004bc                SD_read_single_block
 .text.SD_send_command_R3
                0x0000050c       0x98 AK_SD.o
                0x0000050c                SD_send_command_R3
 .text.SD_init  0x000005a4       0xc8 AK_SD.o
                0x000005a4                SD_init
 .text.USART_write_char
                0x0000066c       0x1c AK_USART.o
                0x0000066c                USART_write_char
 .text.USART_print
                0x00000688       0x20 AK_USART.o
                0x00000688                USART_print
 .text.USART_newline
                0x000006a8       0x14 AK_USART.o
                0x000006a8                USART_newline
 .text.set_baudrate
                0x000006bc       0x4c AK_USART.o
                0x000006bc                set_baudrate
 .text.USART_init
                0x00000708       0x68 AK_USART.o
                0x00000708                USART_init
 .text.USART_printf
                0x00000770       0xd0 AK_USART.o
                0x00000770                USART_printf
 .text.throw_error
                0x00000840       0x38 AK_utils.o
                0x00000840                throw_error
 .text.clock_speed
                0x00000878       0x84 AK_utils.o
                0x00000878                clock_speed
 .text.delay_ms_2
                0x000008fc       0x38 AK_utils.o
                0x000008fc                delay_ms_2
 *fill*         0x00000934        0x4 
 .text.delay_us_2
                0x00000938       0x48 AK_utils.o
                0x00000938                delay_us_2
 .text.RCFAST_init
                0x00000980       0x34 AK_utils.o
                0x00000980                RCFAST_init
 .text.Dummy_Handler
                0x000009b4        0x2 Device_Startup/startup_sam4l.o
                0x000009b4                EIC_5_Handler
                0x000009b4                DACC_Handler
                0x000009b4                DebugMon_Handler
                0x000009b4                PEVC_0_Handler
                0x000009b4                TRNG_Handler
                0x000009b4                HardFault_Handler
                0x000009b4                SPI_Handler
                0x000009b4                EIC_4_Handler
                0x000009b4                GPIO_5_Handler
                0x000009b4                SysTick_Handler
                0x000009b4                PDCA_10_Handler
                0x000009b4                USART3_Handler
                0x000009b4                PDCA_5_Handler
                0x000009b4                PendSV_Handler
                0x000009b4                NMI_Handler
                0x000009b4                TC0_1_Handler
                0x000009b4                GPIO_10_Handler
                0x000009b4                SCIF_Handler
                0x000009b4                GPIO_9_Handler
                0x000009b4                GPIO_2_Handler
                0x000009b4                PDCA_15_Handler
                0x000009b4                CRCCU_Handler
                0x000009b4                USART0_Handler
                0x000009b4                EIC_3_Handler
                0x000009b4                AST_0_Handler
                0x000009b4                GPIO_4_Handler
                0x000009b4                TWIM3_Handler
                0x000009b4                AST_1_Handler
                0x000009b4                UsageFault_Handler
                0x000009b4                PDCA_0_Handler
                0x000009b4                PDCA_14_Handler
                0x000009b4                BPM_Handler
                0x000009b4                PARC_Handler
                0x000009b4                WDT_Handler
                0x000009b4                TWIS0_Handler
                0x000009b4                PDCA_8_Handler
                0x000009b4                GPIO_11_Handler
                0x000009b4                TWIS1_Handler
                0x000009b4                TWIM2_Handler
                0x000009b4                AESA_Handler
                0x000009b4                EIC_0_Handler
                0x000009b4                PDCA_13_Handler
                0x000009b4                Dummy_Handler
                0x000009b4                PDCA_3_Handler
                0x000009b4                ABDACB_Handler
                0x000009b4                CATB_Handler
                0x000009b4                LCDCA_Handler
                0x000009b4                USART1_Handler
                0x000009b4                PEVC_1_Handler
                0x000009b4                PDCA_2_Handler
                0x000009b4                AST_3_Handler
                0x000009b4                GPIO_8_Handler
                0x000009b4                TWIM0_Handler
                0x000009b4                PM_Handler
                0x000009b4                GPIO_7_Handler
                0x000009b4                PDCA_1_Handler
                0x000009b4                PDCA_11_Handler
                0x000009b4                ACIFC_Handler
                0x000009b4                TC1_2_Handler
                0x000009b4                TC0_0_Handler
                0x000009b4                AST_4_Handler
                0x000009b4                PDCA_6_Handler
                0x000009b4                TC1_1_Handler
                0x000009b4                MemManage_Handler
                0x000009b4                SVC_Handler
                0x000009b4                GPIO_0_Handler
                0x000009b4                PDCA_12_Handler
                0x000009b4                AST_2_Handler
                0x000009b4                PDCA_9_Handler
                0x000009b4                ADCIFE_Handler
                0x000009b4                GPIO_6_Handler
                0x000009b4                EIC_2_Handler
                0x000009b4                PDCA_7_Handler
                0x000009b4                USART2_Handler
                0x000009b4                EIC_6_Handler
                0x000009b4                TWIM1_Handler
                0x000009b4                EIC_1_Handler
                0x000009b4                EIC_7_Handler
                0x000009b4                HFLASHC_Handler
                0x000009b4                TC0_2_Handler
                0x000009b4                BSCIF_Handler
                0x000009b4                GPIO_1_Handler
                0x000009b4                USBC_Handler
                0x000009b4                IISC_Handler
                0x000009b4                BusFault_Handler
                0x000009b4                TC1_0_Handler
                0x000009b4                FREQM_Handler
                0x000009b4                GPIO_3_Handler
                0x000009b4                PDCA_4_Handler
 *fill*         0x000009b6        0x2 
 .text.Reset_Handler
                0x000009b8       0x84 Device_Startup/startup_sam4l.o
                0x000009b8                Reset_Handler
 .text.SystemInit
                0x00000a3c       0x10 Device_Startup/system_sam4l.o
                0x00000a3c                SystemInit
 .text.fatfs_init
                0x00000a4c      0x27c fat_access.o
                0x00000a4c                fatfs_init
 .text.fatfs_lba_of_cluster
                0x00000cc8       0x26 fat_access.o
                0x00000cc8                fatfs_lba_of_cluster
 .text.fatfs_sector_read
                0x00000cee       0x10 fat_access.o
                0x00000cee                fatfs_sector_read
 .text.fatfs_sector_write
                0x00000cfe       0x10 fat_access.o
                0x00000cfe                fatfs_sector_write
 *fill*         0x00000d0e        0x2 
 .text.fatfs_sector_reader
                0x00000d10       0x90 fat_access.o
                0x00000d10                fatfs_sector_reader
 .text.fatfs_write_sector
                0x00000da0       0x70 fat_access.o
                0x00000da0                fatfs_write_sector
 .text.fatfs_get_root_cluster
                0x00000e10        0x4 fat_access.o
                0x00000e10                fatfs_get_root_cluster
 .text.fatfs_get_file_entry
                0x00000e14      0x180 fat_access.o
                0x00000e14                fatfs_get_file_entry
 .text.fatfs_sfn_exists
                0x00000f94       0x88 fat_access.o
                0x00000f94                fatfs_sfn_exists
 .text.fatfs_update_file_length
                0x0000101c       0xac fat_access.o
                0x0000101c                fatfs_update_file_length
 .text.fatfs_cache_init
                0x000010c8        0x4 fat_cache.o
                0x000010c8                fatfs_cache_init
 .text.fatfs_cache_get_next_cluster
                0x000010cc        0x4 fat_cache.o
                0x000010cc                fatfs_cache_get_next_cluster
 .text.fatfs_cache_set_next_cluster
                0x000010d0        0x4 fat_cache.o
                0x000010d0                fatfs_cache_set_next_cluster
 .text.fat_list_insert_last
                0x000010d4       0x3a fat_filelib.o
 *fill*         0x0000110e        0x2 
 .text._allocate_file
                0x00001110       0x48 fat_filelib.o
 .text._check_file_open
                0x00001158       0x58 fat_filelib.o
 .text._open_directory
                0x000011b0       0x94 fat_filelib.o
 .text._write_sectors
                0x00001244      0x10c fat_filelib.o
 .text._read_sectors
                0x00001350       0xdc fat_filelib.o
 .text._free_file
                0x0000142c       0x44 fat_filelib.o
 .text._open_file
                0x00001470      0x138 fat_filelib.o
 .text.fl_init  0x000015a8       0x30 fat_filelib.o
                0x000015a8                fl_init
 .text.fl_attach_media
                0x000015d8       0x3c fat_filelib.o
                0x000015d8                fl_attach_media
 .text.fl_shutdown
                0x00001614       0x38 fat_filelib.o
                0x00001614                fl_shutdown
 .text.fl_fopen
                0x0000164c      0x444 fat_filelib.o
                0x0000164c                fl_fopen
 .text.fl_fflush
                0x00001a90       0x58 fat_filelib.o
                0x00001a90                fl_fflush
 .text.fl_fclose
                0x00001ae8       0x80 fat_filelib.o
                0x00001ae8                fl_fclose
 .text.fl_fread
                0x00001b68      0x120 fat_filelib.o
                0x00001b68                fl_fread
 .text.fl_fwrite
                0x00001c88      0x1ac fat_filelib.o
                0x00001c88                fl_fwrite
 .text.fatfs_lfn_cache_init
                0x00001e34       0x20 fat_misc.o
                0x00001e34                fatfs_lfn_cache_init
 .text.fatfs_lfn_cache_entry
                0x00001e54       0x72 fat_misc.o
                0x00001e54                fatfs_lfn_cache_entry
 .text.fatfs_lfn_cache_get
                0x00001ec6       0x26 fat_misc.o
                0x00001ec6                fatfs_lfn_cache_get
 .text.fatfs_entry_lfn_text
                0x00001eec       0x10 fat_misc.o
                0x00001eec                fatfs_entry_lfn_text
 .text.fatfs_entry_lfn_invalid
                0x00001efc       0x26 fat_misc.o
                0x00001efc                fatfs_entry_lfn_invalid
 .text.fatfs_entry_lfn_exists
                0x00001f22       0x38 fat_misc.o
                0x00001f22                fatfs_entry_lfn_exists
 .text.fatfs_entry_sfn_only
                0x00001f5a       0x2e fat_misc.o
                0x00001f5a                fatfs_entry_sfn_only
 .text.fatfs_entry_is_dir
                0x00001f88        0x8 fat_misc.o
                0x00001f88                fatfs_entry_is_dir
 .text.fatfs_entry_is_file
                0x00001f90        0x8 fat_misc.o
                0x00001f90                fatfs_entry_is_file
 .text.fatfs_lfn_entries_required
                0x00001f98       0x24 fat_misc.o
                0x00001f98                fatfs_lfn_entries_required
 .text.fatfs_filename_to_lfn
                0x00001fbc       0xb4 fat_misc.o
                0x00001fbc                fatfs_filename_to_lfn
 .text.fatfs_sfn_create_entry
                0x00002070       0x4a fat_misc.o
                0x00002070                fatfs_sfn_create_entry
 *fill*         0x000020ba        0x2 
 .text.fatfs_lfn_create_sfn
                0x000020bc       0xd4 fat_misc.o
                0x000020bc                fatfs_lfn_create_sfn
 .text.fatfs_lfn_generate_tail
                0x00002190       0xc4 fat_misc.o
                0x00002190                fatfs_lfn_generate_tail
 .text.FileString_StrCmpNoCase
                0x00002254       0x48 fat_string.o
 .text.FileString_GetExtension
                0x0000229c       0x22 fat_string.o
 .text.fatfs_total_path_levels
                0x000022be       0x56 fat_string.o
                0x000022be                fatfs_total_path_levels
 .text.fatfs_get_substring
                0x00002314       0x9c fat_string.o
                0x00002314                fatfs_get_substring
 .text.fatfs_split_path
                0x000023b0       0x78 fat_string.o
                0x000023b0                fatfs_split_path
 .text.fatfs_compare_names
                0x00002428      0x100 fat_string.o
                0x00002428                fatfs_compare_names
 .text.fatfs_fat_writeback
                0x00002528       0x42 fat_table.o
 *fill*         0x0000256a        0x2 
 .text.fatfs_fat_read_sector
                0x0000256c       0x98 fat_table.o
 .text.fatfs_fat_init
                0x00002604       0x34 fat_table.o
                0x00002604                fatfs_fat_init
 .text.fatfs_fat_purge
                0x00002638       0x38 fat_table.o
                0x00002638                fatfs_fat_purge
 .text.fatfs_find_next_cluster
                0x00002670       0x90 fat_table.o
                0x00002670                fatfs_find_next_cluster
 .text.fatfs_set_fs_info_next_free_cluster
                0x00002700       0x6c fat_table.o
                0x00002700                fatfs_set_fs_info_next_free_cluster
 .text.fatfs_find_blank_cluster
                0x0000276c       0x8c fat_table.o
                0x0000276c                fatfs_find_blank_cluster
 .text.fatfs_fat_set_cluster
                0x000027f8       0x88 fat_table.o
                0x000027f8                fatfs_fat_set_cluster
 .text.fatfs_free_cluster_chain
                0x00002880       0x40 fat_table.o
                0x00002880                fatfs_free_cluster_chain
 .text.fatfs_fat_add_cluster_to_chain
                0x000028c0       0x4c fat_table.o
                0x000028c0                fatfs_fat_add_cluster_to_chain
 .text.fatfs_add_free_space
                0x0000290c       0x74 fat_write.o
                0x0000290c                fatfs_add_free_space
 .text.fatfs_allocate_free_space
                0x00002980       0x94 fat_write.o
                0x00002980                fatfs_allocate_free_space
 .text.fatfs_add_file_entry
                0x00002a14      0x264 fat_write.o
                0x00002a14                fatfs_add_file_entry
 .text.media_read
                0x00002c78       0x2c main.o
                0x00002c78                media_read
 .text.media_write
                0x00002ca4       0x2c main.o
                0x00002ca4                media_write
 .text.print_file
                0x00002cd0       0x58 main.o
                0x00002cd0                print_file
 .text.main     0x00002d28      0x114 main.o
                0x00002d28                main
 .text          0x00002e3c       0x30 c:/program files (x86)/atmel/studio/7.0/toolchain/arm/arm-gnu-toolchain/bin/../lib/gcc/arm-none-eabi/6.3.1/thumb/v7e-m\libgcc.a(_aeabi_uldivmod.o)
                0x00002e3c                __aeabi_uldivmod
 .text          0x00002e6c      0x2dc c:/program files (x86)/atmel/studio/7.0/toolchain/arm/arm-gnu-toolchain/bin/../lib/gcc/arm-none-eabi/6.3.1/thumb/v7e-m\libgcc.a(_udivmoddi4.o)
                0x00002e6c                __udivmoddi4
 .text          0x00003148        0x4 c:/program files (x86)/atmel/studio/7.0/toolchain/arm/arm-gnu-toolchain/bin/../lib/gcc/arm-none-eabi/6.3.1/thumb/v7e-m\libgcc.a(_dvmd_tls.o)
                0x00003148                __aeabi_idiv0
                0x00003148                __aeabi_ldiv0
 .text.__libc_init_array
                0x0000314c       0x50 c:/program files (x86)/atmel/studio/7.0/toolchain/arm/arm-gnu-toolchain/bin/../lib/gcc/arm-none-eabi/6.3.1/../../../../arm-none-eabi/lib/thumb/v7e-m\libc.a(lib_a-init.o)
                0x0000314c                __libc_init_array
 .text.__itoa   0x0000319c       0x30 c:/program files (x86)/atmel/studio/7.0/toolchain/arm/arm-gnu-toolchain/bin/../lib/gcc/arm-none-eabi/6.3.1/../../../../arm-none-eabi/lib/thumb/v7e-m\libc.a(lib_a-itoa.o)
                0x0000319c                __itoa
 .text.itoa     0x000031cc        0x4 c:/program files (x86)/atmel/studio/7.0/toolchain/arm/arm-gnu-toolchain/bin/../lib/gcc/arm-none-eabi/6.3.1/../../../../arm-none-eabi/lib/thumb/v7e-m\libc.a(lib_a-itoa.o)
                0x000031cc                itoa
 .text          0x000031d0      0x134 c:/program files (x86)/atmel/studio/7.0/toolchain/arm/arm-gnu-toolchain/bin/../lib/gcc/arm-none-eabi/6.3.1/../../../../arm-none-eabi/lib/thumb/v7e-m\libc.a(lib_a-memcpy.o)
                0x000031d0                memcpy
 .text.memset   0x00003304       0x9c c:/program files (x86)/atmel/studio/7.0/toolchain/arm/arm-gnu-toolchain/bin/../lib/gcc/arm-none-eabi/6.3.1/../../../../arm-none-eabi/lib/thumb/v7e-m\libc.a(lib_a-memset.o)
                0x00003304                memset
 .text.strcpy   0x000033a0       0xbc c:/program files (x86)/atmel/studio/7.0/toolchain/arm/arm-gnu-toolchain/bin/../lib/gcc/arm-none-eabi/6.3.1/../../../../arm-none-eabi/lib/thumb/v7e-m\libc.a(lib_a-strcpy.o)
                0x000033a0                strcpy
 *fill*         0x0000345c       0x24 
 .text          0x00003480       0xdc c:/program files (x86)/atmel/studio/7.0/toolchain/arm/arm-gnu-toolchain/bin/../lib/gcc/arm-none-eabi/6.3.1/../../../../arm-none-eabi/lib/thumb/v7e-m\libc.a(lib_a-strlen.o)
                0x00003480                strlen
 .text.strncmp  0x0000355c       0xa4 c:/program files (x86)/atmel/studio/7.0/toolchain/arm/arm-gnu-toolchain/bin/../lib/gcc/arm-none-eabi/6.3.1/../../../../arm-none-eabi/lib/thumb/v7e-m\libc.a(lib_a-strncmp.o)
                0x0000355c                strncmp
 .text.__utoa   0x00003600       0x80 c:/program files (x86)/atmel/studio/7.0/toolchain/arm/arm-gnu-toolchain/bin/../lib/gcc/arm-none-eabi/6.3.1/../../../../arm-none-eabi/lib/thumb/v7e-m\libc.a(lib_a-utoa.o)
                0x00003600                __utoa
 .text.startup.register_fini
                0x00003680       0x14 c:/program files (x86)/atmel/studio/7.0/toolchain/arm/arm-gnu-toolchain/bin/../lib/gcc/arm-none-eabi/6.3.1/../../../../arm-none-eabi/lib/thumb/v7e-m\libc.a(lib_a-__call_atexit.o)
 .text.atexit   0x00003694        0xc c:/program files (x86)/atmel/studio/7.0/toolchain/arm/arm-gnu-toolchain/bin/../lib/gcc/arm-none-eabi/6.3.1/../../../../arm-none-eabi/lib/thumb/v7e-m\libc.a(lib_a-atexit.o)
                0x00003694                atexit
 .text.__libc_fini_array
                0x000036a0       0x34 c:/program files (x86)/atmel/studio/7.0/toolchain/arm/arm-gnu-toolchain/bin/../lib/gcc/arm-none-eabi/6.3.1/../../../../arm-none-eabi/lib/thumb/v7e-m\libc.a(lib_a-fini.o)
                0x000036a0                __libc_fini_array
 .text.__retarget_lock_acquire_recursive
                0x000036d4        0x4 c:/program files (x86)/atmel/studio/7.0/toolchain/arm/arm-gnu-toolchain/bin/../lib/gcc/arm-none-eabi/6.3.1/../../../../arm-none-eabi/lib/thumb/v7e-m\libc.a(lib_a-lock.o)
                0x000036d4                __retarget_lock_acquire_recursive
 .text.__retarget_lock_release_recursive
                0x000036d8        0x4 c:/program files (x86)/atmel/studio/7.0/toolchain/arm/arm-gnu-toolchain/bin/../lib/gcc/arm-none-eabi/6.3.1/../../../../arm-none-eabi/lib/thumb/v7e-m\libc.a(lib_a-lock.o)
                0x000036d8                __retarget_lock_release_recursive
 .text.__register_exitproc
                0x000036dc       0xc4 c:/program files (x86)/atmel/studio/7.0/toolchain/arm/arm-gnu-toolchain/bin/../lib/gcc/arm-none-eabi/6.3.1/../../../../arm-none-eabi/lib/thumb/v7e-m\libc.a(lib_a-__atexit.o)
                0x000036dc                __register_exitproc
 *(.glue_7t)
 .glue_7t       0x000037a0        0x0 linker stubs
 *(.glue_7)
 .glue_7        0x000037a0        0x0 linker stubs
 *(.rodata .rodata* .gnu.linkonce.r.*)
 .rodata        0x000037a0       0x34 fat_misc.o
 .rodata.str1.4
                0x000037d4       0x11 fat_misc.o
 *fill*         0x000037e5        0x3 
 .rodata.str1.4
                0x000037e8      0x106 main.o
 *fill*         0x000038ee        0x2 
 .rodata._global_impure_ptr
                0x000038f0        0x4 c:/program files (x86)/atmel/studio/7.0/toolchain/arm/arm-gnu-toolchain/bin/../lib/gcc/arm-none-eabi/6.3.1/../../../../arm-none-eabi/lib/thumb/v7e-m\libc.a(lib_a-impure.o)
                0x000038f0                _global_impure_ptr
 .rodata.__utoa.str1.4
                0x000038f4       0x28 c:/program files (x86)/atmel/studio/7.0/toolchain/arm/arm-gnu-toolchain/bin/../lib/gcc/arm-none-eabi/6.3.1/../../../../arm-none-eabi/lib/thumb/v7e-m\libc.a(lib_a-utoa.o)
                                 0x25 (size before relaxing)
 *(.ARM.extab* .gnu.linkonce.armextab.*)
                0x0000391c                . = ALIGN (0x4)
 *(.init)
 .init          0x0000391c        0x4 c:/program files (x86)/atmel/studio/7.0/toolchain/arm/arm-gnu-toolchain/bin/../lib/gcc/arm-none-eabi/6.3.1/thumb/v7e-m/crti.o
                0x0000391c                _init
 .init          0x00003920        0x8 c:/program files (x86)/atmel/studio/7.0/toolchain/arm/arm-gnu-toolchain/bin/../lib/gcc/arm-none-eabi/6.3.1/thumb/v7e-m/crtn.o
                0x00003928                . = ALIGN (0x4)
                0x00003928                __preinit_array_start = .
 *(.preinit_array)
                0x00003928                __preinit_array_end = .
                0x00003928                . = ALIGN (0x4)
                0x00003928                __init_array_start = .
 *(SORT(.init_array.*))
 .init_array.00000
                0x00003928        0x4 c:/program files (x86)/atmel/studio/7.0/toolchain/arm/arm-gnu-toolchain/bin/../lib/gcc/arm-none-eabi/6.3.1/../../../../arm-none-eabi/lib/thumb/v7e-m\libc.a(lib_a-__call_atexit.o)
 *(.init_array)
 .init_array    0x0000392c        0x4 c:/program files (x86)/atmel/studio/7.0/toolchain/arm/arm-gnu-toolchain/bin/../lib/gcc/arm-none-eabi/6.3.1/thumb/v7e-m/crtbegin.o
                0x00003930                __init_array_end = .
                0x00003930                . = ALIGN (0x4)
 *crtbegin.o(.ctors)
 *(EXCLUDE_FILE(*crtend.o) .ctors)
 *(SORT(.ctors.*))
 *crtend.o(.ctors)
                0x00003930                . = ALIGN (0x4)
 *(.fini)
 .fini          0x00003930        0x4 c:/program files (x86)/atmel/studio/7.0/toolchain/arm/arm-gnu-toolchain/bin/../lib/gcc/arm-none-eabi/6.3.1/thumb/v7e-m/crti.o
                0x00003930                _fini
 .fini          0x00003934        0x8 c:/program files (x86)/atmel/studio/7.0/toolchain/arm/arm-gnu-toolchain/bin/../lib/gcc/arm-none-eabi/6.3.1/thumb/v7e-m/crtn.o
                0x0000393c                . = ALIGN (0x4)
                0x0000393c                __fini_array_start = .
 *(.fini_array)
 .fini_array    0x0000393c        0x4 c:/program files (x86)/atmel/studio/7.0/toolchain/arm/arm-gnu-toolchain/bin/../lib/gcc/arm-none-eabi/6.3.1/thumb/v7e-m/crtbegin.o
 *(SORT(.fini_array.*))
                0x00003940                __fini_array_end = .
 *crtbegin.o(.dtors)
 *(EXCLUDE_FILE(*crtend.o) .dtors)
 *(SORT(.dtors.*))
 *crtend.o(.dtors)
                0x00003940                . = ALIGN (0x4)
                0x00003940                _efixed = .
                [!provide]                PROVIDE (__exidx_start, .)

.vfp11_veneer   0x00003940        0x0
 .vfp11_veneer  0x00003940        0x0 linker stubs

.v4_bx          0x00003940        0x0
 .v4_bx         0x00003940        0x0 linker stubs

.iplt           0x00003940        0x0
 .iplt          0x00003940        0x0 c:/program files (x86)/atmel/studio/7.0/toolchain/arm/arm-gnu-toolchain/bin/../lib/gcc/arm-none-eabi/6.3.1/thumb/v7e-m/crtbegin.o

.ARM.exidx      0x00003940        0x8
 *(.ARM.exidx* .gnu.linkonce.armexidx.*)
 .ARM.exidx     0x00003940        0x8 c:/program files (x86)/atmel/studio/7.0/toolchain/arm/arm-gnu-toolchain/bin/../lib/gcc/arm-none-eabi/6.3.1/thumb/v7e-m\libgcc.a(_udivmoddi4.o)
                [!provide]                PROVIDE (__exidx_end, .)

.eh_frame       0x00003948        0x0
 .eh_frame      0x00003948        0x0 c:/program files (x86)/atmel/studio/7.0/toolchain/arm/arm-gnu-toolchain/bin/../lib/gcc/arm-none-eabi/6.3.1/thumb/v7e-m/crtbegin.o

.rel.dyn        0x00003948        0x0
 .rel.iplt      0x00003948        0x0 c:/program files (x86)/atmel/studio/7.0/toolchain/arm/arm-gnu-toolchain/bin/../lib/gcc/arm-none-eabi/6.3.1/thumb/v7e-m/crtbegin.o

.jcr            0x00003948        0x0
 .jcr           0x00003948        0x0 c:/program files (x86)/atmel/studio/7.0/toolchain/arm/arm-gnu-toolchain/bin/../lib/gcc/arm-none-eabi/6.3.1/thumb/v7e-m/crtbegin.o

.igot.plt       0x00003948        0x0
 .igot.plt      0x00003948        0x0 c:/program files (x86)/atmel/studio/7.0/toolchain/arm/arm-gnu-toolchain/bin/../lib/gcc/arm-none-eabi/6.3.1/thumb/v7e-m/crtbegin.o
                0x00003948                . = ALIGN (0x4)
                0x00003948                _etext = .

.relocate       0x20000000      0x444 load address 0x00003948
                0x20000000                . = ALIGN (0x4)
                0x20000000                _srelocate = .
 *(.ramfunc .ramfunc.*)
 .ramfunc       0x20000000        0xa delay_SAM4L.o
                0x20000000                delay_cycles
 *(.data .data.*)
 *fill*         0x2000000a        0x2 
 .data          0x2000000c        0x4 Device_Startup/system_sam4l.o
                0x2000000c                SystemCoreClock
 .data          0x20000010        0x8 main.o
                0x20000010                Rx
                0x20000014                Tx
 .data.impure_data
                0x20000018      0x428 c:/program files (x86)/atmel/studio/7.0/toolchain/arm/arm-gnu-toolchain/bin/../lib/gcc/arm-none-eabi/6.3.1/../../../../arm-none-eabi/lib/thumb/v7e-m\libc.a(lib_a-impure.o)
 .data.__atexit_recursive_mutex
                0x20000440        0x4 c:/program files (x86)/atmel/studio/7.0/toolchain/arm/arm-gnu-toolchain/bin/../lib/gcc/arm-none-eabi/6.3.1/../../../../arm-none-eabi/lib/thumb/v7e-m\libc.a(lib_a-__call_atexit.o)
                0x20000440                __atexit_recursive_mutex
                0x20000444                . = ALIGN (0x4)
                0x20000444                _erelocate = .

.hramc1         0x21000000        0x0
                0x21000000                . = ALIGN (0x8)
                0x21000000                _shramc1 = .
 *(.hramc1 .hramc1.*)
                0x21000000                . = ALIGN (0x8)
                0x21000000                _ehramc1 = .

.bss            0x20000444      0xd44 load address 0x00003d8c
                0x20000444                . = ALIGN (0x4)
                0x20000444                _sbss = .
                0x20000444                _szero = .
 *(.bss .bss.*)
 .bss           0x20000444       0x1c c:/program files (x86)/atmel/studio/7.0/toolchain/arm/arm-gnu-toolchain/bin/../lib/gcc/arm-none-eabi/6.3.1/thumb/v7e-m/crtbegin.o
 .bss           0x20000460      0xd04 fat_filelib.o
 *(COMMON)
 COMMON         0x20001164       0x21 c:/program files (x86)/atmel/studio/7.0/toolchain/arm/arm-gnu-toolchain/bin/../lib/gcc/arm-none-eabi/6.3.1/../../../../arm-none-eabi/lib/thumb/v7e-m\libc.a(lib_a-lock.o)
                0x20001164                __lock___atexit_recursive_mutex
                0x20001168                __lock___arc4random_mutex
                0x2000116c                __lock___env_recursive_mutex
                0x20001170                __lock___sinit_recursive_mutex
                0x20001174                __lock___malloc_recursive_mutex
                0x20001178                __lock___at_quick_exit_mutex
                0x2000117c                __lock___dd_hash_mutex
                0x20001180                __lock___tz_mutex
                0x20001184                __lock___sfp_recursive_mutex
                0x20001188                . = ALIGN (0x4)
 *fill*         0x20001185        0x3 
                0x20001188                _ebss = .
                0x20001188                _ezero = .

.stack          0x20001188     0x4000 load address 0x00004ad0
                0x20001188                . = ALIGN (0x8)
                0x20001188                _sstack = .
                0x20005188                . = (. + STACK_SIZE)
 *fill*         0x20001188     0x4000 
                0x20005188                . = ALIGN (0x8)
                0x20005188                _estack = .
                0x20005188                . = ALIGN (0x4)
                0x20005188                _end = .
OUTPUT(FAT_test.elf elf32-littlearm)

.ARM.attributes
                0x00000000       0x2a
 .ARM.attributes
                0x00000000       0x1e c:/program files (x86)/atmel/studio/7.0/toolchain/arm/arm-gnu-toolchain/bin/../lib/gcc/arm-none-eabi/6.3.1/thumb/v7e-m/crti.o
 .ARM.attributes
                0x0000001e       0x2e c:/program files (x86)/atmel/studio/7.0/toolchain/arm/arm-gnu-toolchain/bin/../lib/gcc/arm-none-eabi/6.3.1/thumb/v7e-m/crtbegin.o
 .ARM.attributes
                0x0000004c       0x33 AK_SD.o
 .ARM.attributes
                0x0000007f       0x33 AK_USART.o
 .ARM.attributes
                0x000000b2       0x33 AK_utils.o
 .ARM.attributes
                0x000000e5       0x33 delay_SAM4L.o
 .ARM.attributes
                0x00000118       0x33 Device_Startup/startup_sam4l.o
 .ARM.attributes
                0x0000014b       0x33 Device_Startup/system_sam4l.o
 .ARM.attributes
                0x0000017e       0x33 fat_access.o
 .ARM.attributes
                0x000001b1       0x33 fat_cache.o
 .ARM.attributes
                0x000001e4       0x33 fat_filelib.o
 .ARM.attributes
                0x00000217       0x33 fat_misc.o
 .ARM.attributes
                0x0000024a       0x33 fat_string.o
 .ARM.attributes
                0x0000027d       0x33 fat_table.o
 .ARM.attributes
                0x000002b0       0x33 fat_write.o
 .ARM.attributes
                0x000002e3       0x33 main.o
 .ARM.attributes
                0x00000316       0x1e c:/program files (x86)/atmel/studio/7.0/toolchain/arm/arm-gnu-toolchain/bin/../lib/gcc/arm-none-eabi/6.3.1/thumb/v7e-m\libgcc.a(_aeabi_uldivmod.o)
 .ARM.attributes
                0x00000334       0x2e c:/program files (x86)/atmel/studio/7.0/toolchain/arm/arm-gnu-toolchain/bin/../lib/gcc/arm-none-eabi/6.3.1/thumb/v7e-m\libgcc.a(_udivmoddi4.o)
 .ARM.attributes
                0x00000362       0x1e c:/program files (x86)/atmel/studio/7.0/toolchain/arm/arm-gnu-toolchain/bin/../lib/gcc/arm-none-eabi/6.3.1/thumb/v7e-m\libgcc.a(_dvmd_tls.o)
 .ARM.attributes
                0x00000380       0x2e c:/program files (x86)/atmel/studio/7.0/toolchain/arm/arm-gnu-toolchain/bin/../lib/gcc/arm-none-eabi/6.3.1/../../../../arm-none-eabi/lib/thumb/v7e-m\libc.a(lib_a-impure.o)
 .ARM.attributes
                0x000003ae       0x2e c:/program files (x86)/atmel/studio/7.0/toolchain/arm/arm-gnu-toolchain/bin/../lib/gcc/arm-none-eabi/6.3.1/../../../../arm-none-eabi/lib/thumb/v7e-m\libc.a(lib_a-init.o)
 .ARM.attributes
                0x000003dc       0x2e c:/program files (x86)/atmel/studio/7.0/toolchain/arm/arm-gnu-toolchain/bin/../lib/gcc/arm-none-eabi/6.3.1/../../../../arm-none-eabi/lib/thumb/v7e-m\libc.a(lib_a-itoa.o)
 .ARM.attributes
                0x0000040a       0x1c c:/program files (x86)/atmel/studio/7.0/toolchain/arm/arm-gnu-toolchain/bin/../lib/gcc/arm-none-eabi/6.3.1/../../../../arm-none-eabi/lib/thumb/v7e-m\libc.a(lib_a-memcpy.o)
 .ARM.attributes
                0x00000426       0x2e c:/program files (x86)/atmel/studio/7.0/toolchain/arm/arm-gnu-toolchain/bin/../lib/gcc/arm-none-eabi/6.3.1/../../../../arm-none-eabi/lib/thumb/v7e-m\libc.a(lib_a-memset.o)
 .ARM.attributes
                0x00000454       0x2e c:/program files (x86)/atmel/studio/7.0/toolchain/arm/arm-gnu-toolchain/bin/../lib/gcc/arm-none-eabi/6.3.1/../../../../arm-none-eabi/lib/thumb/v7e-m\libc.a(lib_a-strcpy.o)
 .ARM.attributes
                0x00000482       0x1c c:/program files (x86)/atmel/studio/7.0/toolchain/arm/arm-gnu-toolchain/bin/../lib/gcc/arm-none-eabi/6.3.1/../../../../arm-none-eabi/lib/thumb/v7e-m\libc.a(lib_a-strlen.o)
 .ARM.attributes
                0x0000049e       0x2e c:/program files (x86)/atmel/studio/7.0/toolchain/arm/arm-gnu-toolchain/bin/../lib/gcc/arm-none-eabi/6.3.1/../../../../arm-none-eabi/lib/thumb/v7e-m\libc.a(lib_a-strncmp.o)
 .ARM.attributes
                0x000004cc       0x2e c:/program files (x86)/atmel/studio/7.0/toolchain/arm/arm-gnu-toolchain/bin/../lib/gcc/arm-none-eabi/6.3.1/../../../../arm-none-eabi/lib/thumb/v7e-m\libc.a(lib_a-utoa.o)
 .ARM.attributes
                0x000004fa       0x2e c:/program files (x86)/atmel/studio/7.0/toolchain/arm/arm-gnu-toolchain/bin/../lib/gcc/arm-none-eabi/6.3.1/../../../../arm-none-eabi/lib/thumb/v7e-m\libc.a(lib_a-__call_atexit.o)
 .ARM.attributes
                0x00000528       0x2e c:/program files (x86)/atmel/studio/7.0/toolchain/arm/arm-gnu-toolchain/bin/../lib/gcc/arm-none-eabi/6.3.1/../../../../arm-none-eabi/lib/thumb/v7e-m\libc.a(lib_a-atexit.o)
 .ARM.attributes
                0x00000556       0x2e c:/program files (x86)/atmel/studio/7.0/toolchain/arm/arm-gnu-toolchain/bin/../lib/gcc/arm-none-eabi/6.3.1/../../../../arm-none-eabi/lib/thumb/v7e-m\libc.a(lib_a-fini.o)
 .ARM.attributes
                0x00000584       0x2e c:/program files (x86)/atmel/studio/7.0/toolchain/arm/arm-gnu-toolchain/bin/../lib/gcc/arm-none-eabi/6.3.1/../../../../arm-none-eabi/lib/thumb/v7e-m\libc.a(lib_a-lock.o)
 .ARM.attributes
                0x000005b2       0x2e c:/program files (x86)/atmel/studio/7.0/toolchain/arm/arm-gnu-toolchain/bin/../lib/gcc/arm-none-eabi/6.3.1/../../../../arm-none-eabi/lib/thumb/v7e-m\libc.a(lib_a-__atexit.o)
 .ARM.attributes
                0x000005e0       0x1e c:/program files (x86)/atmel/studio/7.0/toolchain/arm/arm-gnu-toolchain/bin/../lib/gcc/arm-none-eabi/6.3.1/thumb/v7e-m/crtn.o

.comment        0x00000000       0x59
 .comment       0x00000000       0x59 AK_SD.o
                                 0x5a (size before relaxing)
 .comment       0x00000059       0x5a AK_USART.o
 .comment       0x00000059       0x5a AK_utils.o
 .comment       0x00000059       0x5a delay_SAM4L.o
 .comment       0x00000059       0x5a Device_Startup/startup_sam4l.o
 .comment       0x00000059       0x5a Device_Startup/system_sam4l.o
 .comment       0x00000059       0x5a fat_access.o
 .comment       0x00000059       0x5a fat_cache.o
 .comment       0x00000059       0x5a fat_filelib.o
 .comment       0x00000059       0x5a fat_misc.o
 .comment       0x00000059       0x5a fat_string.o
 .comment       0x00000059       0x5a fat_table.o
 .comment       0x00000059       0x5a fat_write.o
 .comment       0x00000059       0x5a main.o

.debug_info     0x00000000    0x3be4c
 .debug_info    0x00000000     0xfd89 AK_SD.o
 .debug_info    0x0000fd89    0x10e9e AK_USART.o
 .debug_info    0x00020c27    0x1007f AK_utils.o
 .debug_info    0x00030ca6      0x15e delay_SAM4L.o
 .debug_info    0x00030e04      0x97d Device_Startup/startup_sam4l.o
 .debug_info    0x00031781       0xfe Device_Startup/system_sam4l.o
 .debug_info    0x0003187f     0x1c77 fat_access.o
 .debug_info    0x000334f6      0xe1d fat_cache.o
 .debug_info    0x00034313     0x2e22 fat_filelib.o
 .debug_info    0x00037135     0x1085 fat_misc.o
 .debug_info    0x000381ba     0x102b fat_string.o
 .debug_info    0x000391e5     0x1197 fat_table.o
 .debug_info    0x0003a37c     0x130b fat_write.o
 .debug_info    0x0003b687      0x7c5 main.o

.debug_abbrev   0x00000000     0x2499
 .debug_abbrev  0x00000000      0x2e5 AK_SD.o
 .debug_abbrev  0x000002e5      0x358 AK_USART.o
 .debug_abbrev  0x0000063d      0x24d AK_utils.o
 .debug_abbrev  0x0000088a       0xc6 delay_SAM4L.o
 .debug_abbrev  0x00000950      0x153 Device_Startup/startup_sam4l.o
 .debug_abbrev  0x00000aa3       0x8a Device_Startup/system_sam4l.o
 .debug_abbrev  0x00000b2d      0x397 fat_access.o
 .debug_abbrev  0x00000ec4      0x1dc fat_cache.o
 .debug_abbrev  0x000010a0      0x4fb fat_filelib.o
 .debug_abbrev  0x0000159b      0x371 fat_misc.o
 .debug_abbrev  0x0000190c      0x351 fat_string.o
 .debug_abbrev  0x00001c5d      0x2e5 fat_table.o
 .debug_abbrev  0x00001f42      0x336 fat_write.o
 .debug_abbrev  0x00002278      0x221 main.o

.debug_loc      0x00000000     0x72c9
 .debug_loc     0x00000000      0x70e AK_SD.o
 .debug_loc     0x0000070e      0x23e AK_USART.o
 .debug_loc     0x0000094c      0x111 AK_utils.o
 .debug_loc     0x00000a5d       0x6b Device_Startup/startup_sam4l.o
 .debug_loc     0x00000ac8     0x13be fat_access.o
 .debug_loc     0x00001e86       0x63 fat_cache.o
 .debug_loc     0x00001ee9     0x2030 fat_filelib.o
 .debug_loc     0x00003f19      0x95f fat_misc.o
 .debug_loc     0x00004878     0x1049 fat_string.o
 .debug_loc     0x000058c1      0xc9e fat_table.o
 .debug_loc     0x0000655f      0xa88 fat_write.o
 .debug_loc     0x00006fe7      0x2e2 main.o

.debug_aranges  0x00000000      0x518
 .debug_aranges
                0x00000000       0x70 AK_SD.o
 .debug_aranges
                0x00000070       0x48 AK_USART.o
 .debug_aranges
                0x000000b8       0x48 AK_utils.o
 .debug_aranges
                0x00000100       0x20 delay_SAM4L.o
 .debug_aranges
                0x00000120       0x28 Device_Startup/startup_sam4l.o
 .debug_aranges
                0x00000148       0x28 Device_Startup/system_sam4l.o
 .debug_aranges
                0x00000170       0x90 fat_access.o
 .debug_aranges
                0x00000200       0x30 fat_cache.o
 .debug_aranges
                0x00000230      0x120 fat_filelib.o
 .debug_aranges
                0x00000350       0x88 fat_misc.o
 .debug_aranges
                0x000003d8       0x68 fat_string.o
 .debug_aranges
                0x00000440       0x70 fat_table.o
 .debug_aranges
                0x000004b0       0x30 fat_write.o
 .debug_aranges
                0x000004e0       0x38 main.o

.debug_ranges   0x00000000      0x678
 .debug_ranges  0x00000000       0x90 AK_SD.o
 .debug_ranges  0x00000090       0x50 AK_USART.o
 .debug_ranges  0x000000e0       0x38 AK_utils.o
 .debug_ranges  0x00000118       0x10 delay_SAM4L.o
 .debug_ranges  0x00000128       0x18 Device_Startup/startup_sam4l.o
 .debug_ranges  0x00000140       0x18 Device_Startup/system_sam4l.o
 .debug_ranges  0x00000158       0xb0 fat_access.o
 .debug_ranges  0x00000208       0x20 fat_cache.o
 .debug_ranges  0x00000228      0x240 fat_filelib.o
 .debug_ranges  0x00000468       0x90 fat_misc.o
 .debug_ranges  0x000004f8       0x98 fat_string.o
 .debug_ranges  0x00000590       0x60 fat_table.o
 .debug_ranges  0x000005f0       0x60 fat_write.o
 .debug_ranges  0x00000650       0x28 main.o

.debug_macro    0x00000000    0x2df13
 .debug_macro   0x00000000      0x404 AK_SD.o
 .debug_macro   0x00000404      0x8b6 AK_SD.o
 .debug_macro   0x00000cba      0x16d AK_SD.o
 .debug_macro   0x00000e27       0x22 AK_SD.o
 .debug_macro   0x00000e49       0x87 AK_SD.o
 .debug_macro   0x00000ed0       0x51 AK_SD.o
 .debug_macro   0x00000f21       0xef AK_SD.o
 .debug_macro   0x00001010       0x6a AK_SD.o
 .debug_macro   0x0000107a      0x1df AK_SD.o
 .debug_macro   0x00001259       0x6a AK_SD.o
 .debug_macro   0x000012c3       0x28 AK_SD.o
 .debug_macro   0x000012eb       0xaf AK_SD.o
 .debug_macro   0x0000139a      0xfe7 AK_SD.o
 .debug_macro   0x00002381      0x3ec AK_SD.o
 .debug_macro   0x0000276d      0x9d1 AK_SD.o
 .debug_macro   0x0000313e      0x83a AK_SD.o
 .debug_macro   0x00003978      0x325 AK_SD.o
 .debug_macro   0x00003c9d      0xb57 AK_SD.o
 .debug_macro   0x000047f4      0x541 AK_SD.o
 .debug_macro   0x00004d35      0xb98 AK_SD.o
 .debug_macro   0x000058cd      0x521 AK_SD.o
 .debug_macro   0x00005dee       0x3a AK_SD.o
 .debug_macro   0x00005e28      0x2bb AK_SD.o
 .debug_macro   0x000060e3      0x1f5 AK_SD.o
 .debug_macro   0x000062d8      0xf8e AK_SD.o
 .debug_macro   0x00007266      0x88b AK_SD.o
 .debug_macro   0x00007af1      0x20b AK_SD.o
 .debug_macro   0x00007cfc       0xbe AK_SD.o
 .debug_macro   0x00007dba     0x8f31 AK_SD.o
 .debug_macro   0x00010ceb      0x1e3 AK_SD.o
 .debug_macro   0x00010ece      0x55f AK_SD.o
 .debug_macro   0x0001142d      0x94b AK_SD.o
 .debug_macro   0x00011d78      0x797 AK_SD.o
 .debug_macro   0x0001250f      0x231 AK_SD.o
 .debug_macro   0x00012740      0x560 AK_SD.o
 .debug_macro   0x00012ca0      0x5eb AK_SD.o
 .debug_macro   0x0001328b      0x10f AK_SD.o
 .debug_macro   0x0001339a      0xa9b AK_SD.o
 .debug_macro   0x00013e35      0xc12 AK_SD.o
 .debug_macro   0x00014a47      0x35e AK_SD.o
 .debug_macro   0x00014da5      0xcf3 AK_SD.o
 .debug_macro   0x00015a98     0x17b6 AK_SD.o
 .debug_macro   0x0001724e      0x125 AK_SD.o
 .debug_macro   0x00017373      0x931 AK_SD.o
 .debug_macro   0x00017ca4      0x848 AK_SD.o
 .debug_macro   0x000184ec     0x5604 AK_SD.o
 .debug_macro   0x0001daf0     0x6d27 AK_SD.o
 .debug_macro   0x00024817      0x231 AK_SD.o
 .debug_macro   0x00024a48       0x64 AK_SD.o
 .debug_macro   0x00024aac       0x8e AK_SD.o
 .debug_macro   0x00024b3a       0xa6 AK_SD.o
 .debug_macro   0x00024be0       0xb8 AK_SD.o
 .debug_macro   0x00024c98       0xa6 AK_SD.o
 .debug_macro   0x00024d3e       0x9a AK_SD.o
 .debug_macro   0x00024dd8      0x112 AK_SD.o
 .debug_macro   0x00024eea       0xa0 AK_SD.o
 .debug_macro   0x00024f8a       0x16 AK_SD.o
 .debug_macro   0x00024fa0       0x6a AK_SD.o
 .debug_macro   0x0002500a       0x58 AK_SD.o
 .debug_macro   0x00025062       0xa0 AK_SD.o
 .debug_macro   0x00025102       0x34 AK_SD.o
 .debug_macro   0x00025136      0x106 AK_SD.o
 .debug_macro   0x0002523c       0x3a AK_SD.o
 .debug_macro   0x00025276      0x830 AK_SD.o
 .debug_macro   0x00025aa6       0x40 AK_SD.o
 .debug_macro   0x00025ae6      0x2a5 AK_SD.o
 .debug_macro   0x00025d8b       0x70 AK_SD.o
 .debug_macro   0x00025dfb       0xb2 AK_SD.o
 .debug_macro   0x00025ead       0x46 AK_SD.o
 .debug_macro   0x00025ef3      0x5c8 AK_SD.o
 .debug_macro   0x000264bb      0x378 AK_SD.o
 .debug_macro   0x00026833       0x28 AK_SD.o
 .debug_macro   0x0002685b      0x148 AK_SD.o
 .debug_macro   0x000269a3      0x2bb AK_SD.o
 .debug_macro   0x00026c5e       0x46 AK_SD.o
 .debug_macro   0x00026ca4       0x7c AK_SD.o
 .debug_macro   0x00026d20      0x112 AK_SD.o
 .debug_macro   0x00026e32      0x112 AK_SD.o
 .debug_macro   0x00026f44       0x34 AK_SD.o
 .debug_macro   0x00026f78       0x7c AK_SD.o
 .debug_macro   0x00026ff4       0x7c AK_SD.o
 .debug_macro   0x00027070       0x7c AK_SD.o
 .debug_macro   0x000270ec       0x7c AK_SD.o
 .debug_macro   0x00027168       0x76 AK_SD.o
 .debug_macro   0x000271de       0x76 AK_SD.o
 .debug_macro   0x00027254       0x9a AK_SD.o
 .debug_macro   0x000272ee       0x9a AK_SD.o
 .debug_macro   0x00027388       0x9a AK_SD.o
 .debug_macro   0x00027422       0x9a AK_SD.o
 .debug_macro   0x000274bc      0x447 AK_SD.o
 .debug_macro   0x00027903       0x46 AK_SD.o
 .debug_macro   0x00027949      0x598 AK_SD.o
 .debug_macro   0x00027ee1     0x2f6f AK_SD.o
 .debug_macro   0x0002ae50      0x169 AK_SD.o
 .debug_macro   0x0002afb9       0x10 AK_SD.o
 .debug_macro   0x0002afc9      0x3f6 AK_USART.o
 .debug_macro   0x0002b3bf       0x58 AK_USART.o
 .debug_macro   0x0002b417      0x40d AK_utils.o
 .debug_macro   0x0002b824       0x22 AK_utils.o
 .debug_macro   0x0002b846      0x3f4 delay_SAM4L.o
 .debug_macro   0x0002bc3a      0x3ca Device_Startup/startup_sam4l.o
 .debug_macro   0x0002c004      0x3d0 Device_Startup/system_sam4l.o
 .debug_macro   0x0002c3d4      0x149 fat_access.o
 .debug_macro   0x0002c51d       0x52 fat_access.o
 .debug_macro   0x0002c56f       0x8d fat_access.o
 .debug_macro   0x0002c5fc       0x35 fat_access.o
 .debug_macro   0x0002c631       0x9c fat_access.o
 .debug_macro   0x0002c6cd       0x57 fat_access.o
 .debug_macro   0x0002c724       0x58 fat_access.o
 .debug_macro   0x0002c77c       0x1f fat_access.o
 .debug_macro   0x0002c79b       0x43 fat_access.o
 .debug_macro   0x0002c7de       0x20 fat_access.o
 .debug_macro   0x0002c7fe      0x187 fat_access.o
 .debug_macro   0x0002c985      0x353 fat_access.o
 .debug_macro   0x0002ccd8       0x10 fat_access.o
 .debug_macro   0x0002cce8       0x35 fat_access.o
 .debug_macro   0x0002cd1d       0x10 fat_access.o
 .debug_macro   0x0002cd2d       0x4c fat_access.o
 .debug_macro   0x0002cd79       0x2e fat_access.o
 .debug_macro   0x0002cda7      0x1ae fat_access.o
 .debug_macro   0x0002cf55       0x40 fat_access.o
 .debug_macro   0x0002cf95       0x2e fat_access.o
 .debug_macro   0x0002cfc3      0x14a fat_cache.o
 .debug_macro   0x0002d10d       0x3a fat_cache.o
 .debug_macro   0x0002d147       0x3a fat_cache.o
 .debug_macro   0x0002d181       0x40 fat_cache.o
 .debug_macro   0x0002d1c1      0x1ab fat_filelib.o
 .debug_macro   0x0002d36c       0x16 fat_filelib.o
 .debug_macro   0x0002d382      0x10e fat_filelib.o
 .debug_macro   0x0002d490       0x86 fat_filelib.o
 .debug_macro   0x0002d516       0x16 fat_filelib.o
 .debug_macro   0x0002d52c       0x29 fat_filelib.o
 .debug_macro   0x0002d555       0x16 fat_filelib.o
 .debug_macro   0x0002d56b      0x156 fat_misc.o
 .debug_macro   0x0002d6c1       0x28 fat_misc.o
 .debug_macro   0x0002d6e9       0xfd fat_string.o
 .debug_macro   0x0002d7e6       0x16 fat_string.o
 .debug_macro   0x0002d7fc      0x14d fat_table.o
 .debug_macro   0x0002d949      0x149 fat_write.o
 .debug_macro   0x0002da92      0x481 main.o

.debug_line     0x00000000     0x60d2
 .debug_line    0x00000000      0x9cc AK_SD.o
 .debug_line    0x000009cc      0x876 AK_USART.o
 .debug_line    0x00001242      0x86c AK_utils.o
 .debug_line    0x00001aae      0x7bc delay_SAM4L.o
 .debug_line    0x0000226a      0x7c3 Device_Startup/startup_sam4l.o
 .debug_line    0x00002a2d      0x7b3 Device_Startup/system_sam4l.o
 .debug_line    0x000031e0      0x5e6 fat_access.o
 .debug_line    0x000037c6      0x33e fat_cache.o
 .debug_line    0x00003b04      0xa62 fat_filelib.o
 .debug_line    0x00004566      0x4d8 fat_misc.o
 .debug_line    0x00004a3e      0x4e7 fat_string.o
 .debug_line    0x00004f25      0x4a0 fat_table.o
 .debug_line    0x000053c5      0x424 fat_write.o
 .debug_line    0x000057e9      0x8e9 main.o

.debug_str      0x00000000    0xffc8e
 .debug_str     0x00000000    0xf9a21 AK_SD.o
                              0xfa46b (size before relaxing)
 .debug_str     0x000f9a21      0x5d0 AK_USART.o
                              0xfa662 (size before relaxing)
 .debug_str     0x000f9ff1      0x6b0 AK_utils.o
                              0xfa88b (size before relaxing)
 .debug_str     0x000fa6a1       0x13 delay_SAM4L.o
                              0xf8f50 (size before relaxing)
 .debug_str     0x000fa6b4      0x791 Device_Startup/startup_sam4l.o
                              0xf9221 (size before relaxing)
 .debug_str     0x000fae45       0x5a Device_Startup/system_sam4l.o
                              0xf8ac5 (size before relaxing)
 .debug_str     0x000fae9f     0x3e1a fat_access.o
                               0x6c62 (size before relaxing)
 .debug_str     0x000fecb9      0x34b fat_cache.o
                               0x6845 (size before relaxing)
 .debug_str     0x000ff004      0x608 fat_filelib.o
                               0x7382 (size before relaxing)
 .debug_str     0x000ff60c       0xf0 fat_misc.o
                               0x6854 (size before relaxing)
 .debug_str     0x000ff6fc      0x1d1 fat_string.o
                               0x5b61 (size before relaxing)
 .debug_str     0x000ff8cd      0x28c fat_table.o
                               0x6acd (size before relaxing)
 .debug_str     0x000ffb59       0xe1 fat_write.o
                               0x6ab4 (size before relaxing)
 .debug_str     0x000ffc3a       0x54 main.o
                              0xf9e29 (size before relaxing)

.debug_frame    0x00000000     0x12d8
 .debug_frame   0x00000000      0x168 AK_SD.o
 .debug_frame   0x00000168       0xd8 AK_USART.o
 .debug_frame   0x00000240       0xa0 AK_utils.o
 .debug_frame   0x000002e0       0x20 delay_SAM4L.o
 .debug_frame   0x00000300       0x38 Device_Startup/startup_sam4l.o
 .debug_frame   0x00000338       0x30 Device_Startup/system_sam4l.o
 .debug_frame   0x00000368      0x214 fat_access.o
 .debug_frame   0x0000057c       0x40 fat_cache.o
 .debug_frame   0x000005bc      0x440 fat_filelib.o
 .debug_frame   0x000009fc      0x168 fat_misc.o
 .debug_frame   0x00000b64      0x15c fat_string.o
 .debug_frame   0x00000cc0      0x178 fat_table.o
 .debug_frame   0x00000e38       0xa0 fat_write.o
 .debug_frame   0x00000ed8       0xb0 main.o
 .debug_frame   0x00000f88       0x2c c:/program files (x86)/atmel/studio/7.0/toolchain/arm/arm-gnu-toolchain/bin/../lib/gcc/arm-none-eabi/6.3.1/thumb/v7e-m\libgcc.a(_aeabi_uldivmod.o)
 .debug_frame   0x00000fb4       0x34 c:/program files (x86)/atmel/studio/7.0/toolchain/arm/arm-gnu-toolchain/bin/../lib/gcc/arm-none-eabi/6.3.1/thumb/v7e-m\libgcc.a(_udivmoddi4.o)
 .debug_frame   0x00000fe8       0x2c c:/program files (x86)/atmel/studio/7.0/toolchain/arm/arm-gnu-toolchain/bin/../lib/gcc/arm-none-eabi/6.3.1/../../../../arm-none-eabi/lib/thumb/v7e-m\libc.a(lib_a-init.o)
 .debug_frame   0x00001014       0x3c c:/program files (x86)/atmel/studio/7.0/toolchain/arm/arm-gnu-toolchain/bin/../lib/gcc/arm-none-eabi/6.3.1/../../../../arm-none-eabi/lib/thumb/v7e-m\libc.a(lib_a-itoa.o)
 .debug_frame   0x00001050       0x34 c:/program files (x86)/atmel/studio/7.0/toolchain/arm/arm-gnu-toolchain/bin/../lib/gcc/arm-none-eabi/6.3.1/../../../../arm-none-eabi/lib/thumb/v7e-m\libc.a(lib_a-memset.o)
 .debug_frame   0x00001084       0x20 c:/program files (x86)/atmel/studio/7.0/toolchain/arm/arm-gnu-toolchain/bin/../lib/gcc/arm-none-eabi/6.3.1/../../../../arm-none-eabi/lib/thumb/v7e-m\libc.a(lib_a-strcpy.o)
 .debug_frame   0x000010a4       0x54 c:/program files (x86)/atmel/studio/7.0/toolchain/arm/arm-gnu-toolchain/bin/../lib/gcc/arm-none-eabi/6.3.1/../../../../arm-none-eabi/lib/thumb/v7e-m\libc.a(lib_a-strncmp.o)
 .debug_frame   0x000010f8       0x4c c:/program files (x86)/atmel/studio/7.0/toolchain/arm/arm-gnu-toolchain/bin/../lib/gcc/arm-none-eabi/6.3.1/../../../../arm-none-eabi/lib/thumb/v7e-m\libc.a(lib_a-utoa.o)
 .debug_frame   0x00001144       0x5c c:/program files (x86)/atmel/studio/7.0/toolchain/arm/arm-gnu-toolchain/bin/../lib/gcc/arm-none-eabi/6.3.1/../../../../arm-none-eabi/lib/thumb/v7e-m\libc.a(lib_a-__call_atexit.o)
 .debug_frame   0x000011a0       0x20 c:/program files (x86)/atmel/studio/7.0/toolchain/arm/arm-gnu-toolchain/bin/../lib/gcc/arm-none-eabi/6.3.1/../../../../arm-none-eabi/lib/thumb/v7e-m\libc.a(lib_a-atexit.o)
 .debug_frame   0x000011c0       0x34 c:/program files (x86)/atmel/studio/7.0/toolchain/arm/arm-gnu-toolchain/bin/../lib/gcc/arm-none-eabi/6.3.1/../../../../arm-none-eabi/lib/thumb/v7e-m\libc.a(lib_a-fini.o)
 .debug_frame   0x000011f4       0xb0 c:/program files (x86)/atmel/studio/7.0/toolchain/arm/arm-gnu-toolchain/bin/../lib/gcc/arm-none-eabi/6.3.1/../../../../arm-none-eabi/lib/thumb/v7e-m\libc.a(lib_a-lock.o)
 .debug_frame   0x000012a4       0x34 c:/program files (x86)/atmel/studio/7.0/toolchain/arm/arm-gnu-toolchain/bin/../lib/gcc/arm-none-eabi/6.3.1/../../../../arm-none-eabi/lib/thumb/v7e-m\libc.a(lib_a-__atexit.o)
